$ git status --short --untracked-files=all
?? .ai/docs/issue-workflow/ISSUE-031-goal-queue-template-autocomplete/raw/commands.log

$ rg -n "goalArgumentCompletions|discoverGoalTemplates|GOAL_SUBCOMMANDS|argumentPrefix|queue" .pi/extensions/goal/command.ts
6:import { discoverGoalTemplates, resolveGoalTemplateInvocation } from "./templates";
17:import { getQueue, enqueueGoal, persistEnqueue } from "./queue-state";
22:	name: "pause" | "resume" | "clear" | "queue";
26:const GOAL_SUBCOMMANDS: GoalSubcommand[] = [
30:	{ name: "queue", description: "List queued goals or enqueue a new goal" },
43:		getArgumentCompletions: goalArgumentCompletions,
48:export function goalArgumentCompletions(argumentPrefix: string): AutocompleteItem[] | null {
49:	const query = argumentPrefix.trimStart();
51:	const scored = GOAL_SUBCOMMANDS.map((subcommand) => ({
57:	const templates = discoverGoalTemplates()
100:	const control = GOAL_SUBCOMMANDS.find((subcommand) => subcommand.name === trimmed.toLowerCase())?.name;
104:	if (control === "queue") return handleQueueCommand(pi, trimmed, ctx);
139:				const queued = enqueueGoal(validation.objective, "command");
140:				persistEnqueue(pi, queued);
141:				notifyInfo(ctx, `Queued goal: ${queued.queueId}`);
217:	const queue = getQueue();
218:	const queueHint = queue.length > 0 ? `\n${queue.length} queued goal${queue.length > 1 ? "s" : ""} available. Use /goal queue to list or /goal <objective> to start the next one.` : "";
219:	notifyInfo(ctx, hadGoal ? `Goal cleared${queueHint}` : `No goal to clear\nThis session does not currently have a goal.${queueHint}`);
223:	const rest = input.slice("queue".length).trim();
224:	const queue = getQueue();
226:		if (queue.length === 0) {
227:			notifyInfo(ctx, "No queued goals.");
230:		const lines = queue.map((g, i) => `${i + 1}. [${g.queueId}] ${g.objective.length > 80 ? g.objective.slice(0, 77) + "\u2026" : g.objective}`);
231:		notifyInfo(ctx, `Queued goals (${queue.length}):\n${lines.join("\n")}`);
241:	const queued = enqueueGoal(validation.objective, "command");
242:	persistEnqueue(pi, queued);
243:	notifyInfo(ctx, `Queued goal: ${queued.queueId} \u2014 ${validation.objective.length > 80 ? validation.objective.slice(0, 77) + "\u2026" : validation.objective}`);

$ find .ai/.pi-goals -maxdepth 2 -type f | sort
.ai/.pi-goals/create-issue-doc.md
.ai/.pi-goals/deslop-commit-range.md
.ai/.pi-goals/dirty-worktree-cleanup.md
.ai/.pi-goals/execute-issue-stack.md
.ai/.pi-goals/scripts/render_issue_stack_prompt.py
