## artifact visibility and whitespace checks
$ git status --short --untracked-files=all relevant paths
 M .ai/docs/issue-workflow/ISSUE-015-goal-subgoals/02-grounded-research.md
 M .ai/docs/issue-workflow/ISSUE-016-goal-idle-tolerant-mode/33-stack-inventory-after-promotion.md
 M .ai/docs/issue-workflow/ISSUE-022-goal-history-checkpoints-and-compaction/14-stack-compatibility-review.md
 M .ai/docs/issue-workflow/ISSUE-022-goal-history-checkpoints-and-compaction/16-queue-continuation-note.md
 M .ai/docs/issue-workflow/ISSUE-024-goal-audit-command/06-final-audit.md
 M .ai/docs/issue-workflow/ISSUE-024-goal-audit-command/19-current-inventory-after-promotion.md
 M .ai/docs/issue-workflow/refine-issue-leverage-order-2026-05-10/01-open-promotion-addendum.md
 M .ai/docs/issue-workflow/refine-issue-leverage-order-2026-05-10/final-order.md
 M .ai/issues/fixed/ISSUE-025-goal-line-breaks-widget-rendering.md
 M .ai/issues/open/ISSUE-015-goal-subgoals.md
 M .ai/issues/open/ISSUE-016-goal-idle-tolerant-mode.md
 M .ai/issues/open/ISSUE-022-goal-history-checkpoints-and-compaction.md
 D .ai/issues/refine/ISSUE-011-goal-widget-real-component-and-narrow-width.md
 M .ai/issues/refine/ISSUE-014-goal-progress-estimates.md
?? .ai/docs/issue-workflow/ISSUE-011-goal-widget-real-component-and-narrow-width/00-request.md
?? .ai/docs/issue-workflow/ISSUE-011-goal-widget-real-component-and-narrow-width/01-protocol-read.md
?? .ai/docs/issue-workflow/ISSUE-011-goal-widget-real-component-and-narrow-width/02-grounded-research.md
?? .ai/docs/issue-workflow/ISSUE-011-goal-widget-real-component-and-narrow-width/03-design-lock.md
?? .ai/docs/issue-workflow/ISSUE-011-goal-widget-real-component-and-narrow-width/04-proof-threat-model.md
?? .ai/docs/issue-workflow/ISSUE-011-goal-widget-real-component-and-narrow-width/05-issue-writeback.md
?? .ai/docs/issue-workflow/ISSUE-011-goal-widget-real-component-and-narrow-width/raw/artifact-visibility-diff-check.log
?? .ai/docs/issue-workflow/ISSUE-011-goal-widget-real-component-and-narrow-width/raw/commands.log
?? .ai/docs/issue-workflow/ISSUE-011-goal-widget-real-component-and-narrow-width/raw/final-path-reference-probes.log
?? .ai/docs/issue-workflow/ISSUE-011-goal-widget-real-component-and-narrow-width/raw/framed-width-thresholds.log
?? .ai/docs/issue-workflow/ISSUE-011-goal-widget-real-component-and-narrow-width/raw/issue-structural-probe.log
?? .ai/docs/issue-workflow/ISSUE-011-goal-widget-real-component-and-narrow-width/raw/pre-refinement-widget-gap.log
?? .ai/docs/issue-workflow/ISSUE-011-goal-widget-real-component-and-narrow-width/raw/quality-goal-open-promotion.log
?? .ai/docs/issue-workflow/ISSUE-011-goal-widget-real-component-and-narrow-width/raw/reference-cleanup.log
?? .ai/docs/issue-workflow/ISSUE-011-goal-widget-real-component-and-narrow-width/raw/reference-inventory-pre.log
?? .ai/docs/issue-workflow/ISSUE-011-goal-widget-real-component-and-narrow-width/raw/sentrux-gate-final.log
?? .ai/docs/issue-workflow/ISSUE-011-goal-widget-real-component-and-narrow-width/raw/sentrux-gate-pre.log
?? .ai/docs/issue-workflow/ISSUE-011-goal-widget-real-component-and-narrow-width/raw/tui-component-source-excerpts.log
?? .ai/docs/issue-workflow/ISSUE-011-goal-widget-real-component-and-narrow-width/raw/tui-source-discovery.log
?? .ai/issues/open/ISSUE-011-goal-widget-real-component-and-narrow-width.md
$ git check-ignore artifacts/open issue
.gitignore:11:!.ai/docs/issue-workflow/**	.ai/docs/issue-workflow/ISSUE-011-goal-widget-real-component-and-narrow-width/00-request.md
$ git diff --check
PASS artifact_visibility_and_diff_check
