
## TUI source/export discovery
$ node -p require.resolve("@earendil-works/pi-tui/package.json")
~/dev/personal/experiments/pi-goals/node_modules/@earendil-works/pi-tui/package.json
$ node - <<'NODE'
{
  "name": "@earendil-works/pi-tui",
  "version": "0.74.0",
  "description": "Terminal User Interface library with differential rendering for efficient text-based applications",
  "type": "module",
  "main": "dist/index.js",
  "scripts": {
    "clean": "shx rm -rf dist",
    "build": "tsgo -p tsconfig.build.json",
    "dev": "tsgo -p tsconfig.build.json --watch --preserveWatchOutput",
    "test": "node --test --import tsx test/*.test.ts",
    "prepublishOnly": "npm run clean && npm run build"
  },
  "files": [
    "dist/**/*",
    "README.md"
  ],
  "keywords": [
    "tui",
    "terminal",
    "ui",
    "text-editor",
    "differential-rendering",
    "typescript",
    "cli"
  ],
  "author": "Mario Zechner",
  "license": "MIT",
  "repository": {
    "type": "git",
    "url": "git+https://github.com/earendil-works/pi-mono.git",
    "directory": "packages/tui"
  },
  "engines": {
    "node": ">=20.0.0"
  },
  "types": "./dist/index.d.ts",
  "dependencies": {
    "@types/mime-types": "^2.1.4",
    "chalk": "^5.5.0",
    "get-east-asian-width": "^1.3.0",
    "marked": "^15.0.12",
    "mime-types": "^3.0.1"
  },
  "optionalDependencies": {
    "koffi": "^2.9.0"
  },
  "devDependencies": {
    "@xterm/headless": "^5.5.0",
    "@xterm/xterm": "^5.5.0"
  }
}
$ rg Card/Border/Box/Text/Container exports in pi-tui package
PKG_DIR=~/dev/personal/experiments/pi-goals/node_modules/@earendil-works/pi-tui
~/dev/personal/experiments/pi-goals/node_modules/@earendil-works/pi-tui/dist/tui.js.map:1:{"version":3,"file":"tui.js","sourceRoot":"","sources":["../src/tui.ts"],"names":[],"mappings":"AAAA;;GAEG;AAEH,OAAO,KAAK,EAAE,MAAM,SAAS,CAAC;AAC9B,OAAO,KAAK,EAAE,MAAM,SAAS,CAAC;AAC9B,OAAO,KAAK,IAAI,MAAM,WAAW,CAAC;AAClC,OAAO,EAAE,WAAW,EAAE,MAAM,iBAAiB,CAAC;AAC9C,OAAO,EAAE,YAAY,EAAE,UAAU,EAAE,MAAM,WAAW,CAAC;AAErD,OAAO,EAAE,gBAAgB,EAAE,eAAe,EAAE,WAAW,EAAE,iBAAiB,EAAE,MAAM,qBAAqB,CAAC;AACxG,OAAO,EAAE,eAAe,EAAE,uBAAuB,EAAE,aAAa,EAAE,cAAc,EAAE,YAAY,EAAE,MAAM,YAAY,CAAC;AAEnH,MAAM,qBAAqB,GAAG,QAAQ,CAAC;AAEvC,SAAS,oBAAoB,CAAC,IAAY,EAAY;IACrD,MAAM,aAAa,GAAG,IAAI,CAAC,OAAO,CAAC,qBAAqB,CAAC,CAAC;IAC1D,IAAI,aAAa,KAAK,CAAC,CAAC;QAAE,OAAO,EAAE,CAAC;IAEpC,MAAM,WAAW,GAAG,aAAa,GAAG,qBAAqB,CAAC,MAAM,CAAC;IACjE,MAAM,SAAS,GAAG,IAAI,CAAC,OAAO,CAAC,GAAG,EAAE,WAAW,CAAC,CAAC;IACjD,IAAI,SAAS,KAAK,CAAC,CAAC;QAAE,OAAO,EAAE,CAAC;IAEhC,MAAM,MAAM,GAAG,IAAI,CAAC,KAAK,CAAC,WAAW,EAAE,SAAS,CAAC,CAAC;IAClD,KAAK,MAAM,KAAK,IAAI,MAAM, ... (very long line, trimmed to 1000 chars)
~/dev/personal/experiments/pi-goals/node_modules/@earendil-works/pi-tui/dist/index.d.ts:2:export { Box } from "./components/box.js";
~/dev/personal/experiments/pi-goals/node_modules/@earendil-works/pi-tui/dist/index.d.ts:12:export { Text } from "./components/text.js";
~/dev/personal/experiments/pi-goals/node_modules/@earendil-works/pi-tui/dist/index.d.ts:21:export { type Component, Container, CURSOR_MARKER, type Focusable, isFocusable, type OverlayAnchor, type OverlayHandle, type OverlayMargin, type OverlayOptions, type SizeValue, TUI, } from "./tui.js";
~/dev/personal/experiments/pi-goals/node_modules/@earendil-works/pi-tui/dist/utils.d.ts.map:1:{"version":3,"file":"utils.d.ts","sourceRoot":"","sources":["../src/utils.ts"],"names":[],"mappings":"AAKA;;GAEG;AACH,wBAAgB,YAAY,IAAI,IAAI,CAAC,SAAS,CAE7C;AA2LD;;GAEG;AACH,wBAAgB,YAAY,CAAC,GAAG,EAAE,MAAM,GAAG,MAAM,CAuDhD;AAWD,wBAAgB,uBAAuB,CAAC,GAAG,EAAE,MAAM,GAAG,MAAM,CAG3D;AAED;;GAEG;AACH,wBAAgB,eAAe,CAAC,GAAG,EAAE,MAAM,EAAE,GAAG,EAAE,MAAM,GAAG;IAAE,IAAI,EAAE,MAAM,CAAC;IAAC,MAAM,EAAE,MAAM,CAAA;CAAE,GAAG,IAAI,CAsCjG;AAuUD;;;;;;;;;;GAUG;AACH,wBAAgB,gBAAgB,CAAC,IAAI,EAAE,MAAM,EAAE,KAAK,EAAE,MAAM,GAAG,MAAM,EAAE,CAoBtE;AAmFD;;GAEG;AACH,wBAAgB,gBAAgB,CAAC,IAAI,EAAE,MAAM,GAAG,OAAO,CAEtD;AAED;;GAEG;AACH,wBAAgB,iBAAiB,CAAC,IAAI,EAAE,MAAM,GAAG,OAAO,CAEvD;AAuED;;;;;;;GAOG;AACH,wBAAgB,qBAAqB,CAAC,IAAI,EAAE,MAAM,EAAE,KAAK,EAAE,MAAM,EAAE,IAAI,EAAE,CAAC,IAAI,EAAE,MAAM,KAAK,MAAM,GAAG,MAAM,CASzG;AAED;;;;;;;;;;GAUG;AACH,wBAAgB,eAAe,CAC9B,IAAI,EAAE,MAAM,EACZ,QAAQ,EAAE,MAAM,EAChB,QAAQ,GAAE,MAAc,EACxB,GAAG,GAAE ... (very long line, trimmed to 1000 chars)
~/dev/personal/experiments/pi-goals/node_modules/@earendil-works/pi-tui/dist/tui.js:63:export class Container {
~/dev/personal/experiments/pi-goals/node_modules/@earendil-works/pi-tui/dist/tui.js:96:export class TUI extends Container {
~/dev/personal/experiments/pi-goals/node_modules/@earendil-works/pi-tui/dist/editor-component.d.ts.map:1:{"version":3,"file":"editor-component.d.ts","sourceRoot":"","sources":["../src/editor-component.ts"],"names":[],"mappings":"AAAA,OAAO,KAAK,EAAE,oBAAoB,EAAE,MAAM,mBAAmB,CAAC;AAC9D,OAAO,KAAK,EAAE,SAAS,EAAE,MAAM,UAAU,CAAC;AAE1C;;;;;;GAMG;AACH,MAAM,WAAW,eAAgB,SAAQ,SAAS;IAKjD,mCAAmC;IACnC,OAAO,IAAI,MAAM,CAAC;IAElB,2BAA2B;IAC3B,OAAO,CAAC,IAAI,EAAE,MAAM,GAAG,IAAI,CAAC;IAE5B,qEAAqE;IACrE,WAAW,CAAC,IAAI,EAAE,MAAM,GAAG,IAAI,CAAC;IAMhC,iDAAiD;IACjD,QAAQ,CAAC,EAAE,CAAC,IAAI,EAAE,MAAM,KAAK,IAAI,CAAC;IAElC,+BAA+B;IAC/B,QAAQ,CAAC,EAAE,CAAC,IAAI,EAAE,MAAM,KAAK,IAAI,CAAC;IAMlC,iDAAiD;IACjD,YAAY,CAAC,CAAC,IAAI,EAAE,MAAM,GAAG,IAAI,CAAC;IAMlC,6CAA6C;IAC7C,kBAAkB,CAAC,CAAC,IAAI,EAAE,MAAM,GAAG,IAAI,CAAC;IAExC;;;OAGG;IACH,eAAe,CAAC,IAAI,MAAM,CAAC;IAM3B,oCAAoC;IACpC,uBAAuB,CAAC,CAAC,QAAQ,EAAE,oBAAoB,GAAG,IAAI,CAAC;IAM/D,4BAA4B;IAC5B,WAAW,CAAC,EAAE,CAAC,GAAG,EAAE,MAAM,KAAK,MAAM,CAAC;IAEtC,6BAA6B;IAC7B,WAAW, ... (very long line, trimmed to 1000 chars)
~/dev/personal/experiments/pi-goals/node_modules/@earendil-works/pi-tui/dist/utils.js.map:1:{"version":3,"file":"utils.js","sourceRoot":"","sources":["../src/utils.ts"],"names":[],"mappings":"AAAA,OAAO,EAAE,cAAc,EAAE,MAAM,sBAAsB,CAAC;AAEtD,uCAAuC;AACvC,MAAM,SAAS,GAAG,IAAI,IAAI,CAAC,SAAS,CAAC,SAAS,EAAE,EAAE,WAAW,EAAE,UAAU,EAAE,CAAC,CAAC;AAE7E;;GAEG;AACH,MAAM,UAAU,YAAY,GAAmB;IAC9C,OAAO,SAAS,CAAC;AAAA,CACjB;AAED;;;;;GAKG;AACH,SAAS,YAAY,CAAC,OAAe,EAAW;IAC/C,MAAM,EAAE,GAAG,OAAO,CAAC,WAAW,CAAC,CAAC,CAAE,CAAC;IACnC,OAAO,CACN,CAAC,EAAE,IAAI,OAAO,IAAI,EAAE,IAAI,OAAO,CAAC,IAAI,uBAAuB;QAC3D,CAAC,EAAE,IAAI,MAAM,IAAI,EAAE,IAAI,MAAM,CAAC,IAAI,iBAAiB;QACnD,CAAC,EAAE,IAAI,MAAM,IAAI,EAAE,IAAI,MAAM,CAAC,IAAI,yBAAyB;QAC3D,CAAC,EAAE,IAAI,MAAM,IAAI,EAAE,IAAI,MAAM,CAAC,IAAI,yBAAyB;QAC3D,OAAO,CAAC,QAAQ,CAAC,QAAQ,CAAC,IAAI,8CAA8C;QAC5E,OAAO,CAAC,MAAM,GAAG,CAAC,CAAC,oDAAoD;KACvE,CAAC;AAAA,CACF;AAED,sEAAsE;AACtE,MAAM,cAAc,GAAG,6EAA6E,CAAC;AACrG,MAAM,uBAAuB,GAAG,iFAAiF,CAAC;AAClH,MAAM,aAAa,GAAG,kBAAkB,CAAC;AAEzC ... (very long line, trimmed to 1000 chars)
~/dev/personal/experiments/pi-goals/node_modules/@earendil-works/pi-tui/dist/tui.d.ts:123:export declare class Container implements Component {
~/dev/personal/experiments/pi-goals/node_modules/@earendil-works/pi-tui/dist/tui.d.ts:134:export declare class TUI extends Container {
~/dev/personal/experiments/pi-goals/node_modules/@earendil-works/pi-tui/dist/index.js.map:1:{"version":3,"file":"index.js","sourceRoot":"","sources":["../src/index.ts"],"names":[],"mappings":"AAAA,kCAAkC;AAElC,uBAAuB;AACvB,OAAO,EAIN,4BAA4B,GAE5B,MAAM,mBAAmB,CAAC;AAC3B,aAAa;AACb,OAAO,EAAE,GAAG,EAAE,MAAM,qBAAqB,CAAC;AAC1C,OAAO,EAAE,iBAAiB,EAAE,MAAM,oCAAoC,CAAC;AACvE,OAAO,EAAE,MAAM,EAAwC,MAAM,wBAAwB,CAAC;AACtF,OAAO,EAAE,KAAK,EAAsC,MAAM,uBAAuB,CAAC;AAClF,OAAO,EAAE,KAAK,EAAE,MAAM,uBAAuB,CAAC;AAC9C,OAAO,EAAE,MAAM,EAA+B,MAAM,wBAAwB,CAAC;AAC7E,OAAO,EAAyB,QAAQ,EAAsB,MAAM,0BAA0B,CAAC;AAC/F,OAAO,EAEN,UAAU,GAIV,MAAM,6BAA6B,CAAC;AACrC,OAAO,EAAoB,YAAY,EAA0B,MAAM,+BAA+B,CAAC;AACvG,OAAO,EAAE,MAAM,EAAE,MAAM,wBAAwB,CAAC;AAChD,OAAO,EAAE,IAAI,EAAE,MAAM,sBAAsB,CAAC;AAC5C,OAAO,EAAE,aAAa,EAAE,MAAM,gCAAgC,CAAC;AAG/D,iBAAiB;AACjB,OAAO,EAAmB,WAAW,EAAE,UAAU,EAAE,MAAM,YAAY,CAAC;AACtE,cAAc;AACd,OAAO,EACN,cAAc,EAOd,kBAAkB,EAClB,cAAc,EACd,eAAe,GACf,MAAM,kBAAkB,CAAC;AAC1B,0BAA0B;AAC1B,OAAO,EACN,oBAAoB,EACpB,YAAY,EACZ ... (very long line, trimmed to 1000 chars)
~/dev/personal/experiments/pi-goals/node_modules/@earendil-works/pi-tui/dist/index.d.ts.map:1:{"version":3,"file":"index.d.ts","sourceRoot":"","sources":["../src/index.ts"],"names":[],"mappings":"AAGA,OAAO,EACN,KAAK,gBAAgB,EACrB,KAAK,oBAAoB,EACzB,KAAK,uBAAuB,EAC5B,4BAA4B,EAC5B,KAAK,YAAY,GACjB,MAAM,mBAAmB,CAAC;AAE3B,OAAO,EAAE,GAAG,EAAE,MAAM,qBAAqB,CAAC;AAC1C,OAAO,EAAE,iBAAiB,EAAE,MAAM,oCAAoC,CAAC;AACvE,OAAO,EAAE,MAAM,EAAE,KAAK,aAAa,EAAE,KAAK,WAAW,EAAE,MAAM,wBAAwB,CAAC;AACtF,OAAO,EAAE,KAAK,EAAE,KAAK,YAAY,EAAE,KAAK,UAAU,EAAE,MAAM,uBAAuB,CAAC;AAClF,OAAO,EAAE,KAAK,EAAE,MAAM,uBAAuB,CAAC;AAC9C,OAAO,EAAE,MAAM,EAAE,KAAK,sBAAsB,EAAE,MAAM,wBAAwB,CAAC;AAC7E,OAAO,EAAE,KAAK,gBAAgB,EAAE,QAAQ,EAAE,KAAK,aAAa,EAAE,MAAM,0BAA0B,CAAC;AAC/F,OAAO,EACN,KAAK,UAAU,EACf,UAAU,EACV,KAAK,uBAAuB,EAC5B,KAAK,eAAe,EACpB,KAAK,gCAAgC,GACrC,MAAM,6BAA6B,CAAC;AACrC,OAAO,EAAE,KAAK,WAAW,EAAE,YAAY,EAAE,KAAK,iBAAiB,EAAE,MAAM,+BAA+B,CAAC;AACvG,OAAO,EAAE,MAAM,EAAE,MAAM,wBAAwB,CAAC;AAChD,OAAO,EAAE,IAAI,EAAE,MAAM,sBAAsB,CAAC;AAC5C, ... (very long line, trimmed to 1000 chars)
~/dev/personal/experiments/pi-goals/node_modules/@earendil-works/pi-tui/dist/components/box.js.map:1:{"version":3,"file":"box.js","sourceRoot":"","sources":["../../src/components/box.ts"],"names":[],"mappings":"AACA,OAAO,EAAE,qBAAqB,EAAE,YAAY,EAAE,MAAM,aAAa,CAAC;AASlE;;GAEG;AACH,MAAM,OAAO,GAAG;IACf,QAAQ,GAAgB,EAAE,CAAC;IACnB,QAAQ,CAAS;IACjB,QAAQ,CAAS;IACjB,IAAI,CAA4B;IAExC,4BAA4B;IACpB,KAAK,CAAe;IAE5B,YAAY,QAAQ,GAAG,CAAC,EAAE,QAAQ,GAAG,CAAC,EAAE,IAA+B,EAAE;QACxE,IAAI,CAAC,QAAQ,GAAG,QAAQ,CAAC;QACzB,IAAI,CAAC,QAAQ,GAAG,QAAQ,CAAC;QACzB,IAAI,CAAC,IAAI,GAAG,IAAI,CAAC;IAAA,CACjB;IAED,QAAQ,CAAC,SAAoB,EAAQ;QACpC,IAAI,CAAC,QAAQ,CAAC,IAAI,CAAC,SAAS,CAAC,CAAC;QAC9B,IAAI,CAAC,eAAe,EAAE,CAAC;IAAA,CACvB;IAED,WAAW,CAAC,SAAoB,EAAQ;QACvC,MAAM,KAAK,GAAG,IAAI,CAAC,QAAQ,CAAC,OAAO,CAAC,SAAS,CAAC,CAAC;QAC/C,IAAI,KAAK,KAAK,CAAC,CAAC,EAAE,CAAC;YAClB,IAAI,CAAC,QAAQ,CAAC,MAAM,CAAC,KAAK,EAAE,CAAC,CAAC,CAAC;YAC/B,IAAI,CAAC,eAAe,EAAE,CAAC;QACxB,CAAC;IAAA,CACD;IAED,KAAK,GAAS;QACb,IAAI,CAAC,QAAQ,GAAG,EAAE,CAAC;QACnB ... (very long line, trimmed to 1000 chars)
~/dev/personal/experiments/pi-goals/node_modules/@earendil-works/pi-tui/dist/tui.d.ts.map:1:{"version":3,"file":"tui.d.ts","sourceRoot":"","sources":["../src/tui.ts"],"names":[],"mappings":"AAAA;;GAEG;AAOH,OAAO,KAAK,EAAE,QAAQ,EAAE,MAAM,eAAe,CAAC;AAE9C,OAAO,EAA2E,YAAY,EAAE,MAAM,YAAY,CAAC;AAwBnH;;GAEG;AACH,MAAM,WAAW,SAAS;IACzB;;;;OAIG;IACH,MAAM,CAAC,KAAK,EAAE,MAAM,GAAG,MAAM,EAAE,CAAC;IAEhC;;OAEG;IACH,WAAW,CAAC,CAAC,IAAI,EAAE,MAAM,GAAG,IAAI,CAAC;IAEjC;;;OAGG;IACH,eAAe,CAAC,EAAE,OAAO,CAAC;IAE1B;;;OAGG;IACH,UAAU,IAAI,IAAI,CAAC;CACnB;AAED,KAAK,mBAAmB,GAAG;IAAE,OAAO,CAAC,EAAE,OAAO,CAAC;IAAC,IAAI,CAAC,EAAE,MAAM,CAAA;CAAE,GAAG,SAAS,CAAC;AAC5E,KAAK,aAAa,GAAG,CAAC,IAAI,EAAE,MAAM,KAAK,mBAAmB,CAAC;AAE3D;;;;;GAKG;AACH,MAAM,WAAW,SAAS;IACzB,oFAAoF;IACpF,OAAO,EAAE,OAAO,CAAC;CACjB;AAED,8DAA8D;AAC9D,wBAAgB,WAAW,CAAC,SAAS,EAAE,SAAS,GAAG,IAAI,GAAG,SAAS,IAAI,SAAS,GAAG,SAAS,CAE3F;AAED;;;;;GAKG;AACH,eAAO,MAAM,aAAa,sBAAkB,CAAC;AAE7C,OAAO,EAAE,YAAY,EAAE,CAAC;AAExB;;GAEG;AACH,MAAM,MAAM,aAAa,GACtB,QAAQ,GACR,UAAU, ... (very long line, trimmed to 1000 chars)
~/dev/personal/experiments/pi-goals/node_modules/@earendil-works/pi-tui/dist/components/text.d.ts:5:export declare class Text implements Component {
~/dev/personal/experiments/pi-goals/node_modules/@earendil-works/pi-tui/dist/editor-component.js.map:1:{"version":3,"file":"editor-component.js","sourceRoot":"","sources":["../src/editor-component.ts"],"names":[],"mappings":"","sourcesContent":["import type { AutocompleteProvider } from \"./autocomplete.js\";\nimport type { Component } from \"./tui.js\";\n\n/**\n * Interface for custom editor components.\n *\n * This allows extensions to provide their own editor implementation\n * (e.g., vim mode, emacs mode, custom keybindings) while maintaining\n * compatibility with the core application.\n */\nexport interface EditorComponent extends Component {\n\t// =========================================================================\n\t// Core text access (required)\n\t// =========================================================================\n\n\t/** Get the current text content */\n\tgetText(): string;\n\n\t/** Set the text content */\n\tsetText(text: string): void;\n\n\t/** Handle raw t ... (very long line, trimmed to 1000 chars)
~/dev/personal/experiments/pi-goals/node_modules/@earendil-works/pi-tui/dist/index.js:5:export { Box } from "./components/box.js";
~/dev/personal/experiments/pi-goals/node_modules/@earendil-works/pi-tui/dist/index.js:15:export { Text } from "./components/text.js";
~/dev/personal/experiments/pi-goals/node_modules/@earendil-works/pi-tui/dist/index.js:29:export { Container, CURSOR_MARKER, isFocusable, TUI, } from "./tui.js";
~/dev/personal/experiments/pi-goals/node_modules/@earendil-works/pi-tui/dist/components/loader.js:7:export class Loader extends Text {
~/dev/personal/experiments/pi-goals/node_modules/@earendil-works/pi-tui/dist/components/loader.d.ts.map:1:{"version":3,"file":"loader.d.ts","sourceRoot":"","sources":["../../src/components/loader.ts"],"names":[],"mappings":"AAAA,OAAO,KAAK,EAAE,GAAG,EAAE,MAAM,WAAW,CAAC;AACrC,OAAO,EAAE,IAAI,EAAE,MAAM,WAAW,CAAC;AAEjC,MAAM,WAAW,sBAAsB;IACtC,kEAAkE;IAClE,MAAM,CAAC,EAAE,MAAM,EAAE,CAAC;IAClB,8DAA8D;IAC9D,UAAU,CAAC,EAAE,MAAM,CAAC;CACpB;AAKD;;GAEG;AACH,qBAAa,MAAO,SAAQ,IAAI;IAU9B,OAAO,CAAC,cAAc;IACtB,OAAO,CAAC,cAAc;IACtB,OAAO,CAAC,OAAO;IAXhB,OAAO,CAAC,MAAM,CAAuB;IACrC,OAAO,CAAC,UAAU,CAAuB;IACzC,OAAO,CAAC,YAAY,CAAK;IACzB,OAAO,CAAC,UAAU,CAA+B;IACjD,OAAO,CAAC,EAAE,CAAoB;IAC9B,OAAO,CAAC,uBAAuB,CAAS;IAExC,YACC,EAAE,EAAE,GAAG,EACC,cAAc,EAAE,CAAC,GAAG,EAAE,MAAM,KAAK,MAAM,EACvC,cAAc,EAAE,CAAC,GAAG,EAAE,MAAM,KAAK,MAAM,EACvC,OAAO,GAAE,MAAqB,EACtC,SAAS,CAAC,EAAE,sBAAsB,EAKlC;IAED,MAAM,CAAC,KAAK,EAAE,MAAM,GAAG,MAAM,EAAE,CAE9B;IAED,KAAK,IAAI,IAAI,CAGZ;IAED,IAAI,IAAI,IAAI,CAKX;IAED,UAAU,CAAC,OAAO,EAAE,MAAM,GA ... (very long line, trimmed to 1000 chars)
~/dev/personal/experiments/pi-goals/node_modules/@earendil-works/pi-tui/dist/components/text.js:5:export class Text {
~/dev/personal/experiments/pi-goals/node_modules/@earendil-works/pi-tui/dist/components/loader.d.ts:12:export declare class Loader extends Text {
~/dev/personal/experiments/pi-goals/node_modules/@earendil-works/pi-tui/dist/components/box.d.ts:5:export declare class Box implements Component {
~/dev/personal/experiments/pi-goals/node_modules/@earendil-works/pi-tui/dist/components/box.js:5:export class Box {
~/dev/personal/experiments/pi-goals/node_modules/@earendil-works/pi-tui/dist/components/markdown.js.map:1:{"version":3,"file":"markdown.js","sourceRoot":"","sources":["../../src/components/markdown.ts"],"names":[],"mappings":"AAAA,OAAO,EAAE,MAAM,EAAc,SAAS,EAAe,MAAM,QAAQ,CAAC;AACpE,OAAO,EAAE,eAAe,EAAE,SAAS,EAAE,WAAW,EAAE,MAAM,sBAAsB,CAAC;AAE/E,OAAO,EAAE,qBAAqB,EAAE,YAAY,EAAE,gBAAgB,EAAE,MAAM,aAAa,CAAC;AAEpF,MAAM,0BAA0B,GAAG,8DAA8D,CAAC;AAElG,MAAM,4BAA6B,SAAQ,SAAS;IAC1C,GAAG,CAAC,GAAW,EAA0B;QACjD,MAAM,KAAK,GAAG,0BAA0B,CAAC,IAAI,CAAC,GAAG,CAAC,CAAC;QACnD,IAAI,CAAC,KAAK,EAAE,CAAC;YACZ,OAAO,SAAS,CAAC;QAClB,CAAC;QAED,MAAM,IAAI,GAAG,KAAK,CAAC,CAAC,CAAC,CAAC;QACtB,OAAO;YACN,IAAI,EAAE,KAAK;YACX,GAAG,EAAE,KAAK,CAAC,CAAC,CAAC;YACb,IAAI;YACJ,MAAM,EAAE,IAAI,CAAC,KAAK,CAAC,YAAY,CAAC,IAAI,CAAC;SACrC,CAAC;IAAA,CACF;CACD;AAED,MAAM,cAAc,GAAG,IAAI,MAAM,EAAE,CAAC;AACpC,cAAc,CAAC,UAAU,CAAC;IACzB,SAAS,EAAE,IAAI,4BAA4B,EAAE;CAC7C,CAAC,CAAC;AAkDH,MAAM,OAAO,QAAQ;IACZ,IAAI,CAAS;IACb,QAAQ,CAAS,CAAC,qBAAqB;IACvC, ... (very long line, trimmed to 1000 chars)
~/dev/personal/experiments/pi-goals/node_modules/@earendil-works/pi-tui/dist/components/text.js.map:1:{"version":3,"file":"text.js","sourceRoot":"","sources":["../../src/components/text.ts"],"names":[],"mappings":"AACA,OAAO,EAAE,qBAAqB,EAAE,YAAY,EAAE,gBAAgB,EAAE,MAAM,aAAa,CAAC;AAEpF;;GAEG;AACH,MAAM,OAAO,IAAI;IACR,IAAI,CAAS;IACb,QAAQ,CAAS,CAAC,qBAAqB;IACvC,QAAQ,CAAS,CAAC,qBAAqB;IACvC,UAAU,CAA4B;IAE9C,4BAA4B;IACpB,UAAU,CAAU;IACpB,WAAW,CAAU;IACrB,WAAW,CAAY;IAE/B,YAAY,IAAI,GAAW,EAAE,EAAE,QAAQ,GAAW,CAAC,EAAE,QAAQ,GAAW,CAAC,EAAE,UAAqC,EAAE;QACjH,IAAI,CAAC,IAAI,GAAG,IAAI,CAAC;QACjB,IAAI,CAAC,QAAQ,GAAG,QAAQ,CAAC;QACzB,IAAI,CAAC,QAAQ,GAAG,QAAQ,CAAC;QACzB,IAAI,CAAC,UAAU,GAAG,UAAU,CAAC;IAAA,CAC7B;IAED,OAAO,CAAC,IAAY,EAAQ;QAC3B,IAAI,CAAC,IAAI,GAAG,IAAI,CAAC;QACjB,IAAI,CAAC,UAAU,GAAG,SAAS,CAAC;QAC5B,IAAI,CAAC,WAAW,GAAG,SAAS,CAAC;QAC7B,IAAI,CAAC,WAAW,GAAG,SAAS,CAAC;IAAA,CAC7B;IAED,aAAa,CAAC,UAAqC,EAAQ;QAC1D,IAAI,CAAC,UAAU,GAAG,UAAU,CAAC;QAC7B,IAAI,CAAC,UAAU,GAAG,SAAS,CAAC;QAC5B,IAAI,CAAC,WAAW,GAAG,S ... (very long line, trimmed to 1000 chars)
~/dev/personal/experiments/pi-goals/node_modules/@earendil-works/pi-tui/dist/components/text.d.ts.map:1:{"version":3,"file":"text.d.ts","sourceRoot":"","sources":["../../src/components/text.ts"],"names":[],"mappings":"AAAA,OAAO,KAAK,EAAE,SAAS,EAAE,MAAM,WAAW,CAAC;AAG3C;;GAEG;AACH,qBAAa,IAAK,YAAW,SAAS;IACrC,OAAO,CAAC,IAAI,CAAS;IACrB,OAAO,CAAC,QAAQ,CAAS;IACzB,OAAO,CAAC,QAAQ,CAAS;IACzB,OAAO,CAAC,UAAU,CAAC,CAA2B;IAG9C,OAAO,CAAC,UAAU,CAAC,CAAS;IAC5B,OAAO,CAAC,WAAW,CAAC,CAAS;IAC7B,OAAO,CAAC,WAAW,CAAC,CAAW;IAE/B,YAAY,IAAI,GAAE,MAAW,EAAE,QAAQ,GAAE,MAAU,EAAE,QAAQ,GAAE,MAAU,EAAE,UAAU,CAAC,EAAE,CAAC,IAAI,EAAE,MAAM,KAAK,MAAM,EAK/G;IAED,OAAO,CAAC,IAAI,EAAE,MAAM,GAAG,IAAI,CAK1B;IAED,aAAa,CAAC,UAAU,CAAC,EAAE,CAAC,IAAI,EAAE,MAAM,KAAK,MAAM,GAAG,IAAI,CAKzD;IAED,UAAU,IAAI,IAAI,CAIjB;IAED,MAAM,CAAC,KAAK,EAAE,MAAM,GAAG,MAAM,EAAE,CA4D9B;CACD","sourcesContent":["import type { Component } from \"../tui.js\";\nimport { applyBackgroundToLine, visibleWidth, wrapTextWithAnsi } from \"../utils.js\";\n\n/**\n * Text ... (very long line, trimmed to 1000 chars)
~/dev/personal/experiments/pi-goals/node_modules/@earendil-works/pi-tui/dist/components/loader.js.map:1:{"version":3,"file":"loader.js","sourceRoot":"","sources":["../../src/components/loader.ts"],"names":[],"mappings":"AACA,OAAO,EAAE,IAAI,EAAE,MAAM,WAAW,CAAC;AASjC,MAAM,cAAc,GAAG,CAAC,KAAG,EAAE,KAAG,EAAE,KAAG,EAAE,KAAG,EAAE,KAAG,EAAE,KAAG,EAAE,KAAG,EAAE,KAAG,EAAE,KAAG,EAAE,KAAG,CAAC,CAAC;AAC1E,MAAM,mBAAmB,GAAG,EAAE,CAAC;AAE/B;;GAEG;AACH,MAAM,OAAO,MAAO,SAAQ,IAAI;IAUtB,cAAc;IACd,cAAc;IACd,OAAO;IAXR,MAAM,GAAG,CAAC,GAAG,cAAc,CAAC,CAAC;IAC7B,UAAU,GAAG,mBAAmB,CAAC;IACjC,YAAY,GAAG,CAAC,CAAC;IACjB,UAAU,GAA0B,IAAI,CAAC;IACzC,EAAE,GAAe,IAAI,CAAC;IACtB,uBAAuB,GAAG,KAAK,CAAC;IAExC,YACC,EAAO,EACC,cAAuC,EACvC,cAAuC,EACvC,OAAO,GAAW,YAAY,EACtC,SAAkC,EACjC;QACD,KAAK,CAAC,EAAE,EAAE,CAAC,EAAE,CAAC,CAAC,CAAC;8BALR,cAAc;8BACd,cAAc;uBACd,OAAO;QAIf,IAAI,CAAC,EAAE,GAAG,EAAE,CAAC;QACb,IAAI,CAAC,YAAY,CAAC,SAAS,CAAC,CAAC;IAAA,CAC7B;IAED,MAAM,CAAC,KAAa,EAAY;QAC/B,OAAO,CAAC,EAAE,EAAE,GAAG,KAAK,CAAC,MAAM,CAAC,KAAK, ... (very long line, trimmed to 1000 chars)
~/dev/personal/experiments/pi-goals/node_modules/@earendil-works/pi-tui/dist/components/editor.js.map:1:{"version":3,"file":"editor.js","sourceRoot":"","sources":["../../src/components/editor.ts"],"names":[],"mappings":"AACA,OAAO,EAAE,cAAc,EAAE,MAAM,mBAAmB,CAAC;AACnD,OAAO,EAAE,kBAAkB,EAAE,UAAU,EAAE,MAAM,YAAY,CAAC;AAC5D,OAAO,EAAE,QAAQ,EAAE,MAAM,iBAAiB,CAAC;AAC3C,OAAO,EAAkB,aAAa,EAA4B,MAAM,WAAW,CAAC;AACpF,OAAO,EAAE,SAAS,EAAE,MAAM,kBAAkB,CAAC;AAC7C,OAAO,EAAE,YAAY,EAAE,iBAAiB,EAAE,gBAAgB,EAAE,eAAe,EAAE,YAAY,EAAE,MAAM,aAAa,CAAC;AAC/G,OAAO,EAAE,UAAU,EAAsD,MAAM,kBAAkB,CAAC;AAElG,MAAM,aAAa,GAAG,YAAY,EAAE,CAAC;AAErC,4FAA4F;AAC5F,MAAM,kBAAkB,GAAG,8CAA8C,CAAC;AAE1E,qDAAqD;AACrD,MAAM,mBAAmB,GAAG,+CAA+C,CAAC;AAE5E,oFAAoF;AACpF,SAAS,aAAa,CAAC,OAAe,EAAW;IAChD,OAAO,OAAO,CAAC,MAAM,IAAI,EAAE,IAAI,mBAAmB,CAAC,IAAI,CAAC,OAAO,CAAC,CAAC;AAAA,CACjE;AAED;;;;;;GAMG;AACH,SAAS,kBAAkB,CAAC,IAAY,EAAE,QAAqB,EAA8B;IAC5F,2DAA2D;IAC3D,IAAI,QAAQ,CAAC,IAAI,KAAK,CAAC,IAAI,CAAC,IAAI,CAAC,QAAQ,CAAC,UAAU,CAAC,EAAE,CAAC;QACv ... (very long line, trimmed to 1000 chars)
~/dev/personal/experiments/pi-goals/node_modules/@earendil-works/pi-tui/dist/components/editor.d.ts:8:export interface TextChunk {
~/dev/personal/experiments/pi-goals/node_modules/@earendil-works/pi-tui/dist/components/editor.d.ts:24:export declare function wordWrapLine(line: string, maxWidth: number, preSegmented?: Intl.SegmentData[]): TextChunk[];
~/dev/personal/experiments/pi-goals/node_modules/@earendil-works/pi-tui/dist/components/markdown.d.ts.map:1:{"version":3,"file":"markdown.d.ts","sourceRoot":"","sources":["../../src/components/markdown.ts"],"names":[],"mappings":"AAEA,OAAO,KAAK,EAAE,SAAS,EAAE,MAAM,WAAW,CAAC;AA2B3C;;;GAGG;AACH,MAAM,WAAW,gBAAgB;IAChC,gCAAgC;IAChC,KAAK,CAAC,EAAE,CAAC,IAAI,EAAE,MAAM,KAAK,MAAM,CAAC;IACjC,gCAAgC;IAChC,OAAO,CAAC,EAAE,CAAC,IAAI,EAAE,MAAM,KAAK,MAAM,CAAC;IACnC,gBAAgB;IAChB,IAAI,CAAC,EAAE,OAAO,CAAC;IACf,kBAAkB;IAClB,MAAM,CAAC,EAAE,OAAO,CAAC;IACjB,yBAAyB;IACzB,aAAa,CAAC,EAAE,OAAO,CAAC;IACxB,qBAAqB;IACrB,SAAS,CAAC,EAAE,OAAO,CAAC;CACpB;AAED;;;GAGG;AACH,MAAM,WAAW,aAAa;IAC7B,OAAO,EAAE,CAAC,IAAI,EAAE,MAAM,KAAK,MAAM,CAAC;IAClC,IAAI,EAAE,CAAC,IAAI,EAAE,MAAM,KAAK,MAAM,CAAC;IAC/B,OAAO,EAAE,CAAC,IAAI,EAAE,MAAM,KAAK,MAAM,CAAC;IAClC,IAAI,EAAE,CAAC,IAAI,EAAE,MAAM,KAAK,MAAM,CAAC;IAC/B,SAAS,EAAE,CAAC,IAAI,EAAE,MAAM,KAAK,MAAM,CAAC;IACpC,eAAe,EAAE,CAAC,IAAI,EAAE,MAAM,KAAK,MAAM,CAAC;IAC1C,KAAK,EAAE,CAAC,IAAI,EAAE,M ... (very long line, trimmed to 1000 chars)
~/dev/personal/experiments/pi-goals/node_modules/@earendil-works/pi-tui/dist/components/editor.d.ts.map:1:{"version":3,"file":"editor.d.ts","sourceRoot":"","sources":["../../src/components/editor.ts"],"names":[],"mappings":"AAAA,OAAO,KAAK,EAAE,oBAAoB,EAA2B,MAAM,oBAAoB,CAAC;AAIxF,OAAO,EAAE,KAAK,SAAS,EAAiB,KAAK,SAAS,EAAE,KAAK,GAAG,EAAE,MAAM,WAAW,CAAC;AAGpF,OAAO,EAA4C,KAAK,eAAe,EAAE,MAAM,kBAAkB,CAAC;AAwElG;;;GAGG;AACH,MAAM,WAAW,SAAS;IACzB,IAAI,EAAE,MAAM,CAAC;IACb,UAAU,EAAE,MAAM,CAAC;IACnB,QAAQ,EAAE,MAAM,CAAC;CACjB;AAED;;;;;;;;;;GAUG;AACH,wBAAgB,YAAY,CAAC,IAAI,EAAE,MAAM,EAAE,QAAQ,EAAE,MAAM,EAAE,YAAY,CAAC,EAAE,IAAI,CAAC,WAAW,EAAE,GAAG,SAAS,EAAE,CAoF3G;AAeD,MAAM,WAAW,WAAW;IAC3B,WAAW,EAAE,CAAC,GAAG,EAAE,MAAM,KAAK,MAAM,CAAC;IACrC,UAAU,EAAE,eAAe,CAAC;CAC5B;AAED,MAAM,WAAW,aAAa;IAC7B,QAAQ,CAAC,EAAE,MAAM,CAAC;IAClB,sBAAsB,CAAC,EAAE,MAAM,CAAC;CAChC;AASD,qBAAa,MAAO,YAAW,SAAS,EAAE,SAAS;IAClD,OAAO,CAAC,KAAK,CAIX;IAEF,0DAA0D;IAC1D,OAAO,EAAE,OAAO,CAAS;IAEzB,SAAS,CAAC,GAAG,EAAE,GAAG,CAAC;IACnB,OAAO,CAAC, ... (very long line, trimmed to 1000 chars)
~/dev/personal/experiments/pi-goals/node_modules/@earendil-works/pi-tui/dist/components/box.d.ts.map:1:{"version":3,"file":"box.d.ts","sourceRoot":"","sources":["../../src/components/box.ts"],"names":[],"mappings":"AAAA,OAAO,KAAK,EAAE,SAAS,EAAE,MAAM,WAAW,CAAC;AAU3C;;GAEG;AACH,qBAAa,GAAI,YAAW,SAAS;IACpC,QAAQ,EAAE,SAAS,EAAE,CAAM;IAC3B,OAAO,CAAC,QAAQ,CAAS;IACzB,OAAO,CAAC,QAAQ,CAAS;IACzB,OAAO,CAAC,IAAI,CAAC,CAA2B;IAGxC,OAAO,CAAC,KAAK,CAAC,CAAc;IAE5B,YAAY,QAAQ,SAAI,EAAE,QAAQ,SAAI,EAAE,IAAI,CAAC,EAAE,CAAC,IAAI,EAAE,MAAM,KAAK,MAAM,EAItE;IAED,QAAQ,CAAC,SAAS,EAAE,SAAS,GAAG,IAAI,CAGnC;IAED,WAAW,CAAC,SAAS,EAAE,SAAS,GAAG,IAAI,CAMtC;IAED,KAAK,IAAI,IAAI,CAGZ;IAED,OAAO,CAAC,IAAI,CAAC,EAAE,CAAC,IAAI,EAAE,MAAM,KAAK,MAAM,GAAG,IAAI,CAG7C;IAED,OAAO,CAAC,eAAe;IAIvB,OAAO,CAAC,UAAU;IAWlB,UAAU,IAAI,IAAI,CAKjB;IAED,MAAM,CAAC,KAAK,EAAE,MAAM,GAAG,MAAM,EAAE,CAmD9B;IAED,OAAO,CAAC,OAAO;CAUf","sourcesContent":["import type { Component } from \"../tui.js\";\nimport { applyBackgroundToLine, visibleWidth } from \"../ut ... (very long line, trimmed to 1000 chars)
