29	.ai/docs/issue-workflow/ISSUE-024-goal-audit-command/00-request.md
29	.ai/docs/issue-workflow/ISSUE-024-goal-audit-command/01-protocol-read.md
50	.ai/docs/issue-workflow/ISSUE-024-goal-audit-command/02-grounded-research.md
87	.ai/docs/issue-workflow/ISSUE-024-goal-audit-command/03-design-lock.md
33	.ai/docs/issue-workflow/ISSUE-024-goal-audit-command/04-proof-threat-model.md
33	.ai/docs/issue-workflow/ISSUE-024-goal-audit-command/05-issue-writeback.md
56	.ai/docs/issue-workflow/ISSUE-024-goal-audit-command/06-final-audit.md
23	.ai/docs/issue-workflow/ISSUE-024-goal-audit-command/07-downstream-reference-update.md
31	.ai/docs/issue-workflow/ISSUE-024-goal-audit-command/08-closeout-summary.md
20	.ai/docs/issue-workflow/ISSUE-024-goal-audit-command/09-lifecycle-filter-source-recheck.md
17	.ai/docs/issue-workflow/ISSUE-024-goal-audit-command/10-tool-output-source-recheck.md
18	.ai/docs/issue-workflow/ISSUE-024-goal-audit-command/11-model-output-parser-reuse-note.md
27	.ai/docs/issue-workflow/ISSUE-024-goal-audit-command/12-validation-probe-plan.md
23	.ai/docs/issue-workflow/ISSUE-024-goal-audit-command/13-readme-and-docs-plan.md
15	.ai/docs/issue-workflow/ISSUE-024-goal-audit-command/14-queue-continuation-note.md
47	.ai/docs/issue-workflow/ISSUE-024-goal-audit-command/15-implementation-handoff.md
18	.ai/docs/issue-workflow/ISSUE-024-goal-audit-command/16-acceptance-traceability.md
31	.ai/docs/issue-workflow/ISSUE-024-goal-audit-command/17-nonimplementation-boundary.md
25	.ai/docs/issue-workflow/ISSUE-024-goal-audit-command/18-proof-command-sanity.md
19	.ai/docs/issue-workflow/ISSUE-024-goal-audit-command/19-current-inventory-after-promotion.md
21	.ai/docs/issue-workflow/ISSUE-024-goal-audit-command/20-ui-widget-source-recheck.md
23	.ai/docs/issue-workflow/ISSUE-024-goal-audit-command/21-queue-tools-source-recheck.md
31	.ai/docs/issue-workflow/ISSUE-024-goal-audit-command/22-audit-record-schema-sketch.md
34	.ai/docs/issue-workflow/ISSUE-024-goal-audit-command/23-prompt-contract-sketch.md
15	.ai/docs/issue-workflow/ISSUE-024-goal-audit-command/24-reference-audit.md
18	.ai/docs/issue-workflow/ISSUE-024-goal-audit-command/25-dependency-path-probe.md
22	.ai/docs/issue-workflow/ISSUE-024-goal-audit-command/26-live-probe-scope-note.md
25	.ai/docs/issue-workflow/ISSUE-024-goal-audit-command/27-sentrux-planning-summary.md
24	.ai/docs/issue-workflow/ISSUE-024-goal-audit-command/28-quality-gate-summary.md
20	.ai/docs/issue-workflow/ISSUE-024-goal-audit-command/29-final-linkage-probe.md
30	.ai/docs/issue-workflow/ISSUE-024-goal-audit-command/raw/artifact-line-counts.log
1	.ai/docs/issue-workflow/ISSUE-024-goal-audit-command/raw/check-ignore-final.log
658	.ai/docs/issue-workflow/ISSUE-024-goal-audit-command/raw/commands.log
4	.ai/docs/issue-workflow/ISSUE-024-goal-audit-command/raw/dependency-path-probe.log
0	.ai/docs/issue-workflow/ISSUE-024-goal-audit-command/raw/diff-check.log
5	.ai/docs/issue-workflow/ISSUE-024-goal-audit-command/raw/open-inventory-final.log
7	.ai/docs/issue-workflow/ISSUE-024-goal-audit-command/raw/open-path-reference-audit.log
33	.ai/docs/issue-workflow/ISSUE-024-goal-audit-command/raw/open-promotion-validation.log
20	.ai/docs/issue-workflow/ISSUE-024-goal-audit-command/raw/path-references-before-promotion.log
83	.ai/docs/issue-workflow/ISSUE-024-goal-audit-command/raw/quality-goal-open-promotion.log
7	.ai/docs/issue-workflow/ISSUE-024-goal-audit-command/raw/refine-inventory-final.log
649	.ai/docs/issue-workflow/ISSUE-024-goal-audit-command/raw/research-rg.log
9	.ai/docs/issue-workflow/ISSUE-024-goal-audit-command/raw/sentrux-gate.log
4	.ai/docs/issue-workflow/ISSUE-024-goal-audit-command/raw/slop-goal-open-promotion.log
0	.ai/docs/issue-workflow/ISSUE-024-goal-audit-command/raw/stale-refine-path-after-promotion.log
0	.ai/docs/issue-workflow/ISSUE-024-goal-audit-command/raw/stale-refine-path-current-docs.log
256	.ai/docs/issue-workflow/ISSUE-024-goal-audit-command/raw/status-final.log
4	.ai/docs/issue-workflow/ISSUE-024-goal-audit-command/raw/typecheck-goal-open-promotion.log
