 M .ai/issues/fixed/ISSUE-020-goal-churn-monitor.md
 D .ai/issues/refine/ISSUE-015-goal-subgoals.md
 D .ai/issues/refine/ISSUE-016-goal-idle-tolerant-mode.md
 M .ai/issues/refine/ISSUE-019-parallel-multiple-goals.md
 D .ai/issues/refine/ISSUE-021-goal-completion-proofs.md
 M .ai/issues/refine/ISSUE-022-goal-history-checkpoints-and-compaction.md
 M .ai/issues/refine/ISSUE-023-goal-dependency-triggers-and-watchers.md
 D .ai/issues/refine/ISSUE-024-goal-audit-command.md
 M .pi/extensions/goal/.sentrux/baseline.json
?? .ai/docs/issue-workflow/ISSUE-015-goal-subgoals/00-request.md
?? .ai/docs/issue-workflow/ISSUE-015-goal-subgoals/01-protocol-read.md
?? .ai/docs/issue-workflow/ISSUE-015-goal-subgoals/02-grounded-research.md
?? .ai/docs/issue-workflow/ISSUE-015-goal-subgoals/03-design-lock.md
?? .ai/docs/issue-workflow/ISSUE-015-goal-subgoals/04-proof-threat-model.md
?? .ai/docs/issue-workflow/ISSUE-015-goal-subgoals/05-issue-writeback.md
?? .ai/docs/issue-workflow/ISSUE-015-goal-subgoals/06-final-audit.md
?? .ai/docs/issue-workflow/ISSUE-015-goal-subgoals/07-acceptance-traceability.md
?? .ai/docs/issue-workflow/ISSUE-015-goal-subgoals/08-open-bucket-promotion.md
?? .ai/docs/issue-workflow/ISSUE-015-goal-subgoals/09-migration-consistency-audit.md
?? .ai/docs/issue-workflow/ISSUE-015-goal-subgoals/10-current-code-readiness-audit.md
?? .ai/docs/issue-workflow/ISSUE-015-goal-subgoals/11-downstream-reference-update.md
?? .ai/docs/issue-workflow/ISSUE-015-goal-subgoals/12-package-script-proof-check.md
?? .ai/docs/issue-workflow/ISSUE-015-goal-subgoals/13-executor-handoff.md
?? .ai/docs/issue-workflow/ISSUE-015-goal-subgoals/14-non-implementation-boundary.md
?? .ai/docs/issue-workflow/ISSUE-015-goal-subgoals/15-queue-continuation-note.md
?? .ai/docs/issue-workflow/ISSUE-015-goal-subgoals/16-stale-reference-audit.md
?? .ai/docs/issue-workflow/ISSUE-015-goal-subgoals/17-template-containment-readback.md
?? .ai/docs/issue-workflow/ISSUE-015-goal-subgoals/18-parent-pipeline-readback.md
?? .ai/docs/issue-workflow/ISSUE-015-goal-subgoals/19-subgoal-state-matrix.md
?? .ai/docs/issue-workflow/ISSUE-015-goal-subgoals/20-replay-bounds-handoff.md
?? .ai/docs/issue-workflow/ISSUE-015-goal-subgoals/21-closeout-summary.md
?? .ai/docs/issue-workflow/ISSUE-015-goal-subgoals/22-queue-state-checkpoint.md
?? .ai/docs/issue-workflow/ISSUE-015-goal-subgoals/23-types-source-recheck.md
?? .ai/docs/issue-workflow/ISSUE-015-goal-subgoals/24-state-source-recheck.md
?? .ai/docs/issue-workflow/ISSUE-015-goal-subgoals/25-tools-registration-recheck.md
?? .ai/docs/issue-workflow/ISSUE-015-goal-subgoals/26-tool-output-recheck.md
?? .ai/docs/issue-workflow/ISSUE-015-goal-subgoals/27-widget-source-recheck.md
?? .ai/docs/issue-workflow/ISSUE-015-goal-subgoals/28-prompt-source-recheck.md
?? .ai/docs/issue-workflow/ISSUE-015-goal-subgoals/29-readme-update-plan.md
?? .ai/docs/issue-workflow/ISSUE-015-goal-subgoals/30-stack-order-after-promotion.md
?? .ai/docs/issue-workflow/ISSUE-015-goal-subgoals/31-acceptance-traceability-addendum.md
?? .ai/docs/issue-workflow/ISSUE-015-goal-subgoals/32-fingerprint.md
?? .ai/docs/issue-workflow/ISSUE-015-goal-subgoals/33-monitor-report-recheck.md
?? .ai/docs/issue-workflow/ISSUE-015-goal-subgoals/34-ui-source-recheck.md
?? .ai/docs/issue-workflow/ISSUE-015-goal-subgoals/35-format-source-recheck.md
?? .ai/docs/issue-workflow/ISSUE-015-goal-subgoals/36-final-promotion-invariant.md
?? .ai/docs/issue-workflow/ISSUE-015-goal-subgoals/37-budget-source-recheck.md
?? .ai/docs/issue-workflow/ISSUE-015-goal-subgoals/38-queue-source-recheck.md
?? .ai/docs/issue-workflow/ISSUE-015-goal-subgoals/39-final-closeout-readback.md
?? .ai/docs/issue-workflow/ISSUE-015-goal-subgoals/raw/artifact-line-counts.log
?? .ai/docs/issue-workflow/ISSUE-015-goal-subgoals/raw/check-ignore-final.log
?? .ai/docs/issue-workflow/ISSUE-015-goal-subgoals/raw/closeout-needle-check.log
?? .ai/docs/issue-workflow/ISSUE-015-goal-subgoals/raw/commands.log
?? .ai/docs/issue-workflow/ISSUE-015-goal-subgoals/raw/diff-check.log
?? .ai/docs/issue-workflow/ISSUE-015-goal-subgoals/raw/diff-stat-final.log
?? .ai/docs/issue-workflow/ISSUE-015-goal-subgoals/raw/final-closeout-probe.log
?? .ai/docs/issue-workflow/ISSUE-015-goal-subgoals/raw/final-promotion-invariant-probe.log
?? .ai/docs/issue-workflow/ISSUE-015-goal-subgoals/raw/issue015-promotion-fingerprint.log
?? .ai/docs/issue-workflow/ISSUE-015-goal-subgoals/raw/last-mile-audit.log
?? .ai/docs/issue-workflow/ISSUE-015-goal-subgoals/raw/old-path-references-after-update.log
?? .ai/docs/issue-workflow/ISSUE-015-goal-subgoals/raw/old-path-references.log
?? .ai/docs/issue-workflow/ISSUE-015-goal-subgoals/raw/open-inventory-final.log
?? .ai/docs/issue-workflow/ISSUE-015-goal-subgoals/raw/open-issue-full-validation.log
?? .ai/docs/issue-workflow/ISSUE-015-goal-subgoals/raw/open-path-audit.log
?? .ai/docs/issue-workflow/ISSUE-015-goal-subgoals/raw/open-promotion-validation.log
?? .ai/docs/issue-workflow/ISSUE-015-goal-subgoals/raw/path-existence-audit.log
?? .ai/docs/issue-workflow/ISSUE-015-goal-subgoals/raw/promotion-invariant-probe.log
?? .ai/docs/issue-workflow/ISSUE-015-goal-subgoals/raw/quality-goal-open-promotion.log
?? .ai/docs/issue-workflow/ISSUE-015-goal-subgoals/raw/refine-inventory-final.log
?? .ai/docs/issue-workflow/ISSUE-015-goal-subgoals/raw/research-rg.log
?? .ai/docs/issue-workflow/ISSUE-015-goal-subgoals/raw/sentrux-gate.log
?? .ai/docs/issue-workflow/ISSUE-015-goal-subgoals/raw/slop-goal-open-promotion.log
?? .ai/docs/issue-workflow/ISSUE-015-goal-subgoals/raw/stack-order-after-promotion-probe.log
?? .ai/docs/issue-workflow/ISSUE-015-goal-subgoals/raw/stale-refine-path-after-fix.log
?? .ai/docs/issue-workflow/ISSUE-015-goal-subgoals/raw/stale-refine-path-current-docs.log
?? .ai/docs/issue-workflow/ISSUE-015-goal-subgoals/raw/status-final.log
?? .ai/docs/issue-workflow/ISSUE-015-goal-subgoals/raw/typecheck-goal-open-promotion.log
?? .ai/docs/issue-workflow/ISSUE-015-goal-subgoals/raw/validation-probe.log
?? .ai/docs/issue-workflow/ISSUE-016-goal-idle-tolerant-mode/00-request.md
?? .ai/docs/issue-workflow/ISSUE-016-goal-idle-tolerant-mode/01-protocol-read.md
?? .ai/docs/issue-workflow/ISSUE-016-goal-idle-tolerant-mode/02-grounded-research.md
?? .ai/docs/issue-workflow/ISSUE-016-goal-idle-tolerant-mode/03-design-lock.md
?? .ai/docs/issue-workflow/ISSUE-016-goal-idle-tolerant-mode/04-proof-threat-model.md
?? .ai/docs/issue-workflow/ISSUE-016-goal-idle-tolerant-mode/05-issue-writeback.md
?? .ai/docs/issue-workflow/ISSUE-016-goal-idle-tolerant-mode/06-final-audit.md
?? .ai/docs/issue-workflow/ISSUE-016-goal-idle-tolerant-mode/07-downstream-reference-update.md
?? .ai/docs/issue-workflow/ISSUE-016-goal-idle-tolerant-mode/08-implementation-handoff.md
?? .ai/docs/issue-workflow/ISSUE-016-goal-idle-tolerant-mode/09-state-and-telemetry-plan.md
?? .ai/docs/issue-workflow/ISSUE-016-goal-idle-tolerant-mode/10-validation-probe-plan.md
?? .ai/docs/issue-workflow/ISSUE-016-goal-idle-tolerant-mode/11-ui-wording-plan.md
?? .ai/docs/issue-workflow/ISSUE-016-goal-idle-tolerant-mode/12-non-implementation-boundary.md
?? .ai/docs/issue-workflow/ISSUE-016-goal-idle-tolerant-mode/13-queue-continuation-note.md
?? .ai/docs/issue-workflow/ISSUE-016-goal-idle-tolerant-mode/14-package-script-proof-check.md
?? .ai/docs/issue-workflow/ISSUE-016-goal-idle-tolerant-mode/15-final-promotion-invariant.md
?? .ai/docs/issue-workflow/ISSUE-016-goal-idle-tolerant-mode/16-closeout-summary.md
?? .ai/docs/issue-workflow/ISSUE-016-goal-idle-tolerant-mode/17-telemetry-source-recheck.md
?? .ai/docs/issue-workflow/ISSUE-016-goal-idle-tolerant-mode/18-command-source-recheck.md
?? .ai/docs/issue-workflow/ISSUE-016-goal-idle-tolerant-mode/19-tool-output-source-recheck.md
?? .ai/docs/issue-workflow/ISSUE-016-goal-idle-tolerant-mode/20-template-source-recheck.md
?? .ai/docs/issue-workflow/ISSUE-016-goal-idle-tolerant-mode/21-monitor-prompt-recheck.md
?? .ai/docs/issue-workflow/ISSUE-016-goal-idle-tolerant-mode/22-queue-steering-recheck.md
?? .ai/docs/issue-workflow/ISSUE-016-goal-idle-tolerant-mode/23-floor-source-recheck.md
?? .ai/docs/issue-workflow/ISSUE-016-goal-idle-tolerant-mode/24-readme-update-plan.md
?? .ai/docs/issue-workflow/ISSUE-016-goal-idle-tolerant-mode/25-validation-script-plan.md
?? .ai/docs/issue-workflow/ISSUE-016-goal-idle-tolerant-mode/26-proof-command-normalization.md
?? .ai/docs/issue-workflow/ISSUE-016-goal-idle-tolerant-mode/27-entrypoint-and-schema-recheck.md
?? .ai/docs/issue-workflow/ISSUE-016-goal-idle-tolerant-mode/28-state-replay-source-recheck.md
?? .ai/docs/issue-workflow/ISSUE-016-goal-idle-tolerant-mode/29-ui-widget-format-recheck.md
?? .ai/docs/issue-workflow/ISSUE-016-goal-idle-tolerant-mode/30-final-readback.md
?? .ai/docs/issue-workflow/ISSUE-016-goal-idle-tolerant-mode/31-monitor-report-source-recheck.md
?? .ai/docs/issue-workflow/ISSUE-016-goal-idle-tolerant-mode/32-downstream-stale-reference-fix.md
?? .ai/docs/issue-workflow/ISSUE-016-goal-idle-tolerant-mode/33-stack-inventory-after-promotion.md
?? .ai/docs/issue-workflow/ISSUE-016-goal-idle-tolerant-mode/34-goal-completion-readiness.md
?? .ai/docs/issue-workflow/ISSUE-016-goal-idle-tolerant-mode/35-final-diff-snapshot.md
?? .ai/docs/issue-workflow/ISSUE-016-goal-idle-tolerant-mode/36-nonimplementation-final-audit.md
?? .ai/docs/issue-workflow/ISSUE-016-goal-idle-tolerant-mode/37-artifact-link-check.md
?? .ai/docs/issue-workflow/ISSUE-016-goal-idle-tolerant-mode/raw/artifact-line-counts.log
?? .ai/docs/issue-workflow/ISSUE-016-goal-idle-tolerant-mode/raw/check-ignore-final.log
?? .ai/docs/issue-workflow/ISSUE-016-goal-idle-tolerant-mode/raw/commands.log
?? .ai/docs/issue-workflow/ISSUE-016-goal-idle-tolerant-mode/raw/current-refine-open-inventory-summary.log
?? .ai/docs/issue-workflow/ISSUE-016-goal-idle-tolerant-mode/raw/diff-check.log
?? .ai/docs/issue-workflow/ISSUE-016-goal-idle-tolerant-mode/raw/final-artifact-link-check.log
?? .ai/docs/issue-workflow/ISSUE-016-goal-idle-tolerant-mode/raw/final-invariant-summary.log
?? .ai/docs/issue-workflow/ISSUE-016-goal-idle-tolerant-mode/raw/final-promotion-invariant-probe.log
?? .ai/docs/issue-workflow/ISSUE-016-goal-idle-tolerant-mode/raw/final-relevant-diff.patch
?? .ai/docs/issue-workflow/ISSUE-016-goal-idle-tolerant-mode/raw/issue016-reference-audit.log
?? .ai/docs/issue-workflow/ISSUE-016-goal-idle-tolerant-mode/raw/old-path-references-after-update.log
?? .ai/docs/issue-workflow/ISSUE-016-goal-idle-tolerant-mode/raw/old-path-references.log
?? .ai/docs/issue-workflow/ISSUE-016-goal-idle-tolerant-mode/raw/open-inventory-final.log
?? .ai/docs/issue-workflow/ISSUE-016-goal-idle-tolerant-mode/raw/open-issue-full-validation.log
?? .ai/docs/issue-workflow/ISSUE-016-goal-idle-tolerant-mode/raw/open-path-audit.log
?? .ai/docs/issue-workflow/ISSUE-016-goal-idle-tolerant-mode/raw/open-promotion-validation.log
?? .ai/docs/issue-workflow/ISSUE-016-goal-idle-tolerant-mode/raw/quality-goal-open-promotion.log
?? .ai/docs/issue-workflow/ISSUE-016-goal-idle-tolerant-mode/raw/refine-inventory-final.log
?? .ai/docs/issue-workflow/ISSUE-016-goal-idle-tolerant-mode/raw/sentrux-gate.log
?? .ai/docs/issue-workflow/ISSUE-016-goal-idle-tolerant-mode/raw/slop-goal-open-promotion.log
?? .ai/docs/issue-workflow/ISSUE-016-goal-idle-tolerant-mode/raw/stale-refine-path-final.log
?? .ai/docs/issue-workflow/ISSUE-016-goal-idle-tolerant-mode/raw/status-final.log
?? .ai/docs/issue-workflow/ISSUE-016-goal-idle-tolerant-mode/raw/typecheck-goal-open-promotion.log
?? .ai/docs/issue-workflow/ISSUE-021-goal-completion-proofs/00-request.md
?? .ai/docs/issue-workflow/ISSUE-021-goal-completion-proofs/01-protocol-read.md
?? .ai/docs/issue-workflow/ISSUE-021-goal-completion-proofs/02-grounded-research.md
?? .ai/docs/issue-workflow/ISSUE-021-goal-completion-proofs/03-design-lock.md
?? .ai/docs/issue-workflow/ISSUE-021-goal-completion-proofs/04-proof-threat-model.md
?? .ai/docs/issue-workflow/ISSUE-021-goal-completion-proofs/05-issue-writeback.md
?? .ai/docs/issue-workflow/ISSUE-021-goal-completion-proofs/06-final-audit.md
?? .ai/docs/issue-workflow/ISSUE-021-goal-completion-proofs/07-dataflow-and-seams.md
?? .ai/docs/issue-workflow/ISSUE-021-goal-completion-proofs/08-proof-schema-sketch.md
?? .ai/docs/issue-workflow/ISSUE-021-goal-completion-proofs/09-execution-plan.md
?? .ai/docs/issue-workflow/ISSUE-021-goal-completion-proofs/10-executor-review-checklist.md
?? .ai/docs/issue-workflow/ISSUE-021-goal-completion-proofs/11-proof-condition-matrix.md
?? .ai/docs/issue-workflow/ISSUE-021-goal-completion-proofs/12-validation-expansion.md
?? .ai/docs/issue-workflow/ISSUE-021-goal-completion-proofs/13-runner-safety-research.md
?? .ai/docs/issue-workflow/ISSUE-021-goal-completion-proofs/14-bcu-external-research-attempt.md
?? .ai/docs/issue-workflow/ISSUE-021-goal-completion-proofs/15-adversarial-review.md
?? .ai/docs/issue-workflow/ISSUE-021-goal-completion-proofs/16-acceptance-traceability-matrix.md
?? .ai/docs/issue-workflow/ISSUE-021-goal-completion-proofs/17-closeout-snapshot.md
?? .ai/docs/issue-workflow/ISSUE-021-goal-completion-proofs/18-tool-api-design.md
?? .ai/docs/issue-workflow/ISSUE-021-goal-completion-proofs/19-validation-probe-design.md
?? .ai/docs/issue-workflow/ISSUE-021-goal-completion-proofs/20-proof-ui-rendering-plan.md
?? .ai/docs/issue-workflow/ISSUE-021-goal-completion-proofs/21-proof-evaluator-api.md
?? .ai/docs/issue-workflow/ISSUE-021-goal-completion-proofs/22-readme-update-plan.md
?? .ai/docs/issue-workflow/ISSUE-021-goal-completion-proofs/23-worktree-freshness-design.md
?? .ai/docs/issue-workflow/ISSUE-021-goal-completion-proofs/24-open-bucket-promotion.md
?? .ai/docs/issue-workflow/ISSUE-021-goal-completion-proofs/25-migration-consistency-audit.md
?? .ai/docs/issue-workflow/ISSUE-021-goal-completion-proofs/26-current-code-readiness-audit.md
?? .ai/docs/issue-workflow/ISSUE-021-goal-completion-proofs/27-downstream-reference-update.md
?? .ai/docs/issue-workflow/ISSUE-021-goal-completion-proofs/28-promotion-dependency-map.md
?? .ai/docs/issue-workflow/ISSUE-021-goal-completion-proofs/29-required-proof-command-sanity.md
?? .ai/docs/issue-workflow/ISSUE-021-goal-completion-proofs/30-executor-handoff.md
?? .ai/docs/issue-workflow/ISSUE-021-goal-completion-proofs/31-package-script-proof-check.md
?? .ai/docs/issue-workflow/ISSUE-021-goal-completion-proofs/32-non-implementation-boundary.md
?? .ai/docs/issue-workflow/ISSUE-021-goal-completion-proofs/33-queue-continuation-note.md
?? .ai/docs/issue-workflow/ISSUE-021-goal-completion-proofs/34-closeout-summary.md
?? .ai/docs/issue-workflow/ISSUE-021-goal-completion-proofs/35-floor-gate-source-recheck.md
?? .ai/docs/issue-workflow/ISSUE-021-goal-completion-proofs/raw/artifact-line-counts.log
?? .ai/docs/issue-workflow/ISSUE-021-goal-completion-proofs/raw/check-ignore-final.log
?? .ai/docs/issue-workflow/ISSUE-021-goal-completion-proofs/raw/closeout-name-status.log
?? .ai/docs/issue-workflow/ISSUE-021-goal-completion-proofs/raw/commands.log
?? .ai/docs/issue-workflow/ISSUE-021-goal-completion-proofs/raw/diff-check.log
?? .ai/docs/issue-workflow/ISSUE-021-goal-completion-proofs/raw/old-path-references-after-update.log
?? .ai/docs/issue-workflow/ISSUE-021-goal-completion-proofs/raw/old-path-references.log
?? .ai/docs/issue-workflow/ISSUE-021-goal-completion-proofs/raw/open-inventory-final.log
?? .ai/docs/issue-workflow/ISSUE-021-goal-completion-proofs/raw/open-issue-fingerprint.log
?? .ai/docs/issue-workflow/ISSUE-021-goal-completion-proofs/raw/open-issue-full-validation.log
?? .ai/docs/issue-workflow/ISSUE-021-goal-completion-proofs/raw/open-location-check.log
?? .ai/docs/issue-workflow/ISSUE-021-goal-completion-proofs/raw/open-path-audit.log
?? .ai/docs/issue-workflow/ISSUE-021-goal-completion-proofs/raw/open-promotion-diff-stat.log
?? .ai/docs/issue-workflow/ISSUE-021-goal-completion-proofs/raw/open-promotion-head-diff-preview.log
?? .ai/docs/issue-workflow/ISSUE-021-goal-completion-proofs/raw/open-promotion-name-status.log
?? .ai/docs/issue-workflow/ISSUE-021-goal-completion-proofs/raw/open-promotion-required-proofs-check.log
?? .ai/docs/issue-workflow/ISSUE-021-goal-completion-proofs/raw/open-promotion-validation.log
?? .ai/docs/issue-workflow/ISSUE-021-goal-completion-proofs/raw/open-refine-inventory-after-promotion.log
?? .ai/docs/issue-workflow/ISSUE-021-goal-completion-proofs/raw/path-existence-audit.log
?? .ai/docs/issue-workflow/ISSUE-021-goal-completion-proofs/raw/promotion-invariant-probe.log
?? .ai/docs/issue-workflow/ISSUE-021-goal-completion-proofs/raw/quality-goal-open-promotion.log
?? .ai/docs/issue-workflow/ISSUE-021-goal-completion-proofs/raw/refine-inventory-final.log
?? .ai/docs/issue-workflow/ISSUE-021-goal-completion-proofs/raw/slop-goal-proof-check.log
?? .ai/docs/issue-workflow/ISSUE-021-goal-completion-proofs/raw/stale-refine-path-nonraw.log
?? .ai/docs/issue-workflow/ISSUE-021-goal-completion-proofs/raw/status-final.log
?? .ai/docs/issue-workflow/ISSUE-021-goal-completion-proofs/raw/typecheck-goal-proof-check.log
?? .ai/docs/issue-workflow/ISSUE-021-goal-completion-proofs/raw/validation-expansion-probe.log
?? .ai/docs/issue-workflow/ISSUE-024-goal-audit-command/00-request.md
?? .ai/docs/issue-workflow/ISSUE-024-goal-audit-command/01-protocol-read.md
?? .ai/docs/issue-workflow/ISSUE-024-goal-audit-command/02-grounded-research.md
?? .ai/docs/issue-workflow/ISSUE-024-goal-audit-command/03-design-lock.md
?? .ai/docs/issue-workflow/ISSUE-024-goal-audit-command/04-proof-threat-model.md
?? .ai/docs/issue-workflow/ISSUE-024-goal-audit-command/05-issue-writeback.md
?? .ai/docs/issue-workflow/ISSUE-024-goal-audit-command/06-final-audit.md
?? .ai/docs/issue-workflow/ISSUE-024-goal-audit-command/07-downstream-reference-update.md
?? .ai/docs/issue-workflow/ISSUE-024-goal-audit-command/08-closeout-summary.md
?? .ai/docs/issue-workflow/ISSUE-024-goal-audit-command/09-lifecycle-filter-source-recheck.md
?? .ai/docs/issue-workflow/ISSUE-024-goal-audit-command/10-tool-output-source-recheck.md
?? .ai/docs/issue-workflow/ISSUE-024-goal-audit-command/11-model-output-parser-reuse-note.md
?? .ai/docs/issue-workflow/ISSUE-024-goal-audit-command/12-validation-probe-plan.md
?? .ai/docs/issue-workflow/ISSUE-024-goal-audit-command/13-readme-and-docs-plan.md
?? .ai/docs/issue-workflow/ISSUE-024-goal-audit-command/14-queue-continuation-note.md
?? .ai/docs/issue-workflow/ISSUE-024-goal-audit-command/15-implementation-handoff.md
?? .ai/docs/issue-workflow/ISSUE-024-goal-audit-command/16-acceptance-traceability.md
?? .ai/docs/issue-workflow/ISSUE-024-goal-audit-command/17-nonimplementation-boundary.md
?? .ai/docs/issue-workflow/ISSUE-024-goal-audit-command/18-proof-command-sanity.md
?? .ai/docs/issue-workflow/ISSUE-024-goal-audit-command/19-current-inventory-after-promotion.md
?? .ai/docs/issue-workflow/ISSUE-024-goal-audit-command/20-ui-widget-source-recheck.md
?? .ai/docs/issue-workflow/ISSUE-024-goal-audit-command/21-queue-tools-source-recheck.md
?? .ai/docs/issue-workflow/ISSUE-024-goal-audit-command/22-audit-record-schema-sketch.md
?? .ai/docs/issue-workflow/ISSUE-024-goal-audit-command/23-prompt-contract-sketch.md
?? .ai/docs/issue-workflow/ISSUE-024-goal-audit-command/24-reference-audit.md
?? .ai/docs/issue-workflow/ISSUE-024-goal-audit-command/25-dependency-path-probe.md
?? .ai/docs/issue-workflow/ISSUE-024-goal-audit-command/26-live-probe-scope-note.md
?? .ai/docs/issue-workflow/ISSUE-024-goal-audit-command/27-sentrux-planning-summary.md
?? .ai/docs/issue-workflow/ISSUE-024-goal-audit-command/28-quality-gate-summary.md
?? .ai/docs/issue-workflow/ISSUE-024-goal-audit-command/29-final-linkage-probe.md
?? .ai/docs/issue-workflow/ISSUE-024-goal-audit-command/raw/artifact-line-counts.log
?? .ai/docs/issue-workflow/ISSUE-024-goal-audit-command/raw/check-ignore-final.log
?? .ai/docs/issue-workflow/ISSUE-024-goal-audit-command/raw/commands.log
?? .ai/docs/issue-workflow/ISSUE-024-goal-audit-command/raw/dependency-path-probe.log
?? .ai/docs/issue-workflow/ISSUE-024-goal-audit-command/raw/diff-check.log
?? .ai/docs/issue-workflow/ISSUE-024-goal-audit-command/raw/open-inventory-final.log
?? .ai/docs/issue-workflow/ISSUE-024-goal-audit-command/raw/open-path-reference-audit.log
?? .ai/docs/issue-workflow/ISSUE-024-goal-audit-command/raw/open-promotion-validation.log
?? .ai/docs/issue-workflow/ISSUE-024-goal-audit-command/raw/path-references-before-promotion.log
?? .ai/docs/issue-workflow/ISSUE-024-goal-audit-command/raw/quality-goal-open-promotion.log
?? .ai/docs/issue-workflow/ISSUE-024-goal-audit-command/raw/refine-inventory-final.log
?? .ai/docs/issue-workflow/ISSUE-024-goal-audit-command/raw/research-rg.log
?? .ai/docs/issue-workflow/ISSUE-024-goal-audit-command/raw/sentrux-gate.log
?? .ai/docs/issue-workflow/ISSUE-024-goal-audit-command/raw/slop-goal-open-promotion.log
?? .ai/docs/issue-workflow/ISSUE-024-goal-audit-command/raw/stale-refine-path-after-promotion.log
?? .ai/docs/issue-workflow/ISSUE-024-goal-audit-command/raw/stale-refine-path-current-docs.log
?? .ai/docs/issue-workflow/ISSUE-024-goal-audit-command/raw/status-final.log
?? .ai/docs/issue-workflow/ISSUE-024-goal-audit-command/raw/typecheck-goal-open-promotion.log
?? .ai/docs/issue-workflow/refine-issue-leverage-order-2026-05-10/01-open-promotion-addendum.md
?? .ai/docs/issue-workflow/refine-issue-leverage-order-2026-05-10/check-ignore.log
?? .ai/docs/issue-workflow/refine-issue-leverage-order-2026-05-10/coverage-check.log
?? .ai/docs/issue-workflow/refine-issue-leverage-order-2026-05-10/final-order.md
?? .ai/docs/issue-workflow/refine-issue-leverage-order-2026-05-10/status.log
?? .ai/issues/open/ISSUE-015-goal-subgoals.md
?? .ai/issues/open/ISSUE-016-goal-idle-tolerant-mode.md
?? .ai/issues/open/ISSUE-021-goal-completion-proofs.md
?? .ai/issues/open/ISSUE-024-goal-audit-command.md
