16	.ai/docs/issue-workflow/ISSUE-021-goal-completion-proofs/00-request.md
19	.ai/docs/issue-workflow/ISSUE-021-goal-completion-proofs/01-protocol-read.md
80	.ai/docs/issue-workflow/ISSUE-021-goal-completion-proofs/02-grounded-research.md
65	.ai/docs/issue-workflow/ISSUE-021-goal-completion-proofs/03-design-lock.md
26	.ai/docs/issue-workflow/ISSUE-021-goal-completion-proofs/04-proof-threat-model.md
18	.ai/docs/issue-workflow/ISSUE-021-goal-completion-proofs/05-issue-writeback.md
67	.ai/docs/issue-workflow/ISSUE-021-goal-completion-proofs/06-final-audit.md
37	.ai/docs/issue-workflow/ISSUE-021-goal-completion-proofs/07-dataflow-and-seams.md
96	.ai/docs/issue-workflow/ISSUE-021-goal-completion-proofs/08-proof-schema-sketch.md
69	.ai/docs/issue-workflow/ISSUE-021-goal-completion-proofs/09-execution-plan.md
37	.ai/docs/issue-workflow/ISSUE-021-goal-completion-proofs/10-executor-review-checklist.md
35	.ai/docs/issue-workflow/ISSUE-021-goal-completion-proofs/11-proof-condition-matrix.md
34	.ai/docs/issue-workflow/ISSUE-021-goal-completion-proofs/12-validation-expansion.md
58	.ai/docs/issue-workflow/ISSUE-021-goal-completion-proofs/13-runner-safety-research.md
25	.ai/docs/issue-workflow/ISSUE-021-goal-completion-proofs/14-bcu-external-research-attempt.md
47	.ai/docs/issue-workflow/ISSUE-021-goal-completion-proofs/15-adversarial-review.md
16	.ai/docs/issue-workflow/ISSUE-021-goal-completion-proofs/16-acceptance-traceability-matrix.md
41	.ai/docs/issue-workflow/ISSUE-021-goal-completion-proofs/17-closeout-snapshot.md
194	.ai/docs/issue-workflow/ISSUE-021-goal-completion-proofs/18-tool-api-design.md
66	.ai/docs/issue-workflow/ISSUE-021-goal-completion-proofs/19-validation-probe-design.md
78	.ai/docs/issue-workflow/ISSUE-021-goal-completion-proofs/20-proof-ui-rendering-plan.md
68	.ai/docs/issue-workflow/ISSUE-021-goal-completion-proofs/21-proof-evaluator-api.md
45	.ai/docs/issue-workflow/ISSUE-021-goal-completion-proofs/22-readme-update-plan.md
37	.ai/docs/issue-workflow/ISSUE-021-goal-completion-proofs/23-worktree-freshness-design.md
16	.ai/docs/issue-workflow/ISSUE-021-goal-completion-proofs/24-open-bucket-promotion.md
22	.ai/docs/issue-workflow/ISSUE-021-goal-completion-proofs/25-migration-consistency-audit.md
28	.ai/docs/issue-workflow/ISSUE-021-goal-completion-proofs/26-current-code-readiness-audit.md
17	.ai/docs/issue-workflow/ISSUE-021-goal-completion-proofs/27-downstream-reference-update.md
28	.ai/docs/issue-workflow/ISSUE-021-goal-completion-proofs/28-promotion-dependency-map.md
26	.ai/docs/issue-workflow/ISSUE-021-goal-completion-proofs/29-required-proof-command-sanity.md
46	.ai/docs/issue-workflow/ISSUE-021-goal-completion-proofs/30-executor-handoff.md
28	.ai/docs/issue-workflow/ISSUE-021-goal-completion-proofs/31-package-script-proof-check.md
22	.ai/docs/issue-workflow/ISSUE-021-goal-completion-proofs/32-non-implementation-boundary.md
17	.ai/docs/issue-workflow/ISSUE-021-goal-completion-proofs/33-queue-continuation-note.md
23	.ai/docs/issue-workflow/ISSUE-021-goal-completion-proofs/34-closeout-summary.md
35	.ai/docs/issue-workflow/ISSUE-021-goal-completion-proofs/raw/artifact-line-counts.log
1	.ai/docs/issue-workflow/ISSUE-021-goal-completion-proofs/raw/check-ignore-final.log
111	.ai/docs/issue-workflow/ISSUE-021-goal-completion-proofs/raw/commands.log
0	.ai/docs/issue-workflow/ISSUE-021-goal-completion-proofs/raw/diff-check.log
0	.ai/docs/issue-workflow/ISSUE-021-goal-completion-proofs/raw/old-path-references-after-update.log
4	.ai/docs/issue-workflow/ISSUE-021-goal-completion-proofs/raw/old-path-references.log
2	.ai/docs/issue-workflow/ISSUE-021-goal-completion-proofs/raw/open-inventory-final.log
7	.ai/docs/issue-workflow/ISSUE-021-goal-completion-proofs/raw/open-issue-fingerprint.log
37	.ai/docs/issue-workflow/ISSUE-021-goal-completion-proofs/raw/open-issue-full-validation.log
1	.ai/docs/issue-workflow/ISSUE-021-goal-completion-proofs/raw/open-location-check.log
71	.ai/docs/issue-workflow/ISSUE-021-goal-completion-proofs/raw/open-path-audit.log
2	.ai/docs/issue-workflow/ISSUE-021-goal-completion-proofs/raw/open-promotion-diff-stat.log
240	.ai/docs/issue-workflow/ISSUE-021-goal-completion-proofs/raw/open-promotion-head-diff-preview.log
3	.ai/docs/issue-workflow/ISSUE-021-goal-completion-proofs/raw/open-promotion-name-status.log
7	.ai/docs/issue-workflow/ISSUE-021-goal-completion-proofs/raw/open-promotion-required-proofs-check.log
4	.ai/docs/issue-workflow/ISSUE-021-goal-completion-proofs/raw/open-promotion-validation.log
12	.ai/docs/issue-workflow/ISSUE-021-goal-completion-proofs/raw/open-refine-inventory-after-promotion.log
41	.ai/docs/issue-workflow/ISSUE-021-goal-completion-proofs/raw/path-existence-audit.log
84	.ai/docs/issue-workflow/ISSUE-021-goal-completion-proofs/raw/quality-goal-open-promotion.log
10	.ai/docs/issue-workflow/ISSUE-021-goal-completion-proofs/raw/refine-inventory-final.log
5	.ai/docs/issue-workflow/ISSUE-021-goal-completion-proofs/raw/slop-goal-proof-check.log
88	.ai/docs/issue-workflow/ISSUE-021-goal-completion-proofs/raw/status-final.log
5	.ai/docs/issue-workflow/ISSUE-021-goal-completion-proofs/raw/typecheck-goal-proof-check.log
48	.ai/docs/issue-workflow/ISSUE-021-goal-completion-proofs/raw/validation-expansion-probe.log
