PASS .ai/docs/issue-workflow/ISSUE-021-goal-completion-proofs/00-request.md exists
PASS .ai/docs/issue-workflow/ISSUE-021-goal-completion-proofs/01-protocol-read.md exists
PASS .ai/docs/issue-workflow/ISSUE-021-goal-completion-proofs/02-grounded-research.md exists
PASS .ai/docs/issue-workflow/ISSUE-021-goal-completion-proofs/03-design-lock.md exists
PASS .ai/docs/issue-workflow/ISSUE-021-goal-completion-proofs/04-proof-threat-model.md exists
PASS .ai/docs/issue-workflow/ISSUE-021-goal-completion-proofs/05-issue-writeback.md exists
PASS .ai/docs/issue-workflow/ISSUE-021-goal-completion-proofs/06-final-audit.md exists
PASS .ai/docs/issue-workflow/ISSUE-021-goal-completion-proofs/07-dataflow-and-seams.md exists
PASS .ai/docs/issue-workflow/ISSUE-021-goal-completion-proofs/08-proof-schema-sketch.md exists
PASS .ai/docs/issue-workflow/ISSUE-021-goal-completion-proofs/09-execution-plan.md exists
PASS .ai/docs/issue-workflow/ISSUE-021-goal-completion-proofs/10-executor-review-checklist.md exists
PASS .ai/docs/issue-workflow/ISSUE-021-goal-completion-proofs/11-proof-condition-matrix.md exists
PASS .ai/docs/issue-workflow/ISSUE-021-goal-completion-proofs/12-validation-expansion.md exists
PASS .ai/docs/issue-workflow/ISSUE-021-goal-completion-proofs/13-runner-safety-research.md exists
PASS .ai/docs/issue-workflow/ISSUE-021-goal-completion-proofs/14-bcu-external-research-attempt.md exists
PASS .ai/docs/issue-workflow/ISSUE-021-goal-completion-proofs/15-adversarial-review.md exists
PASS .ai/docs/issue-workflow/ISSUE-021-goal-completion-proofs/16-acceptance-traceability-matrix.md exists
PASS .ai/docs/issue-workflow/ISSUE-021-goal-completion-proofs/17-closeout-snapshot.md exists
PASS .ai/docs/issue-workflow/ISSUE-021-goal-completion-proofs/18-tool-api-design.md exists
PASS .ai/docs/issue-workflow/ISSUE-021-goal-completion-proofs/19-validation-probe-design.md exists
PASS .ai/docs/issue-workflow/ISSUE-021-goal-completion-proofs/20-proof-ui-rendering-plan.md exists
PASS .ai/docs/issue-workflow/ISSUE-021-goal-completion-proofs/21-proof-evaluator-api.md exists
PASS .ai/docs/issue-workflow/ISSUE-021-goal-completion-proofs/22-readme-update-plan.md exists
PASS .ai/docs/issue-workflow/ISSUE-021-goal-completion-proofs/23-worktree-freshness-design.md exists
PASS .ai/docs/issue-workflow/ISSUE-021-goal-completion-proofs/24-open-bucket-promotion.md exists
PASS .ai/docs/issue-workflow/ISSUE-021-goal-completion-proofs/25-migration-consistency-audit.md exists
PASS .ai/docs/issue-workflow/ISSUE-021-goal-completion-proofs/26-current-code-readiness-audit.md exists
PASS .ai/docs/issue-workflow/ISSUE-021-goal-completion-proofs/27-downstream-reference-update.md exists
PASS .ai/docs/issue-workflow/ISSUE-021-goal-completion-proofs/28-promotion-dependency-map.md exists
PASS .ai/docs/issue-workflow/ISSUE-021-goal-completion-proofs/29-required-proof-command-sanity.md exists
PASS .ai/docs/issue-workflow/ISSUE-021-goal-completion-proofs/30-executor-handoff.md exists
PASS .ai/docs/issue-workflow/ISSUE-021-goal-completion-proofs/31-package-script-proof-check.md exists
PASS .ai/docs/issue-workflow/ISSUE-021-goal-completion-proofs/32-non-implementation-boundary.md exists
PASS .ai/docs/issue-workflow/ISSUE-021-goal-completion-proofs/raw/check-ignore-final.log exists
PASS .ai/docs/issue-workflow/ISSUE-021-goal-completion-proofs/raw/commands.log exists
PASS .ai/docs/issue-workflow/ISSUE-021-goal-completion-proofs/raw/diff-check.log exists
PASS .ai/docs/issue-workflow/ISSUE-021-goal-completion-proofs/raw/path-existence-audit.log exists
PASS .ai/docs/issue-workflow/ISSUE-021-goal-completion-proofs/raw/status-final.log exists
PASS .ai/docs/issue-workflow/ISSUE-021-goal-completion-proofs/raw/validation-expansion-probe.log exists
PASS .ai/docs/pi-goals-live-probe-testing.md exists
PASS .ai/issues/fixed/ISSUE-001-pi-goal-extension.md exists
PASS .ai/issues/fixed/ISSUE-010-goal-update-telemetry-completion-semantics.md exists
PASS .ai/issues/fixed/ISSUE-020-goal-churn-monitor.md exists
PASS .ai/issues/fixed/ISSUE-036-minimum-goal-spend-floors.md exists
PASS .ai/issues/open/ISSUE-037-goal-queue-auto-continuation-after-complete.md exists
PASS .ai/issues/refine/ISSUE-015-goal-subgoals.md exists
PASS .ai/issues/refine/ISSUE-022-goal-history-checkpoints-and-compaction.md exists
PASS .ai/issues/refine/ISSUE-023-goal-dependency-triggers-and-watchers.md exists
PASS .ai/issues/refine/ISSUE-024-goal-audit-command.md exists
PASS .pi/extensions/goal/budget.ts exists
PASS .pi/extensions/goal/command.ts exists
PASS .pi/extensions/goal/completion-gate.ts exists
PASS .pi/extensions/goal/constants.ts exists
PASS .pi/extensions/goal/format.ts exists
PASS .pi/extensions/goal/lifecycle.ts exists
PASS .pi/extensions/goal/model-output.ts exists
PASS .pi/extensions/goal/monitor-prompts.ts exists
PASS .pi/extensions/goal/monitor-report.ts exists
PASS .pi/extensions/goal/monitor.ts exists
PASS .pi/extensions/goal/prompts.ts exists
PASS .pi/extensions/goal/proof-runner.ts future/placeholder
PASS .pi/extensions/goal/proofs.ts future/placeholder
PASS .pi/extensions/goal/queue-tools.ts exists
PASS .pi/extensions/goal/state.ts exists
PASS .pi/extensions/goal/telemetry.ts exists
PASS .pi/extensions/goal/templates.ts exists
PASS .pi/extensions/goal/tool-results.ts exists
PASS .pi/extensions/goal/tools.ts exists
PASS .pi/extensions/goal/types.ts exists
PASS .pi/extensions/goal/ui.ts exists
PASS .pi/extensions/goal/widget.ts exists
