PASS .ai/docs/issue-workflow/ISSUE-021-goal-completion-proofs/00-request.md
PASS .ai/docs/issue-workflow/ISSUE-021-goal-completion-proofs/01-protocol-read.md
PASS .ai/docs/issue-workflow/ISSUE-021-goal-completion-proofs/02-grounded-research.md
PASS .ai/docs/issue-workflow/ISSUE-021-goal-completion-proofs/03-design-lock.md
PASS .ai/docs/issue-workflow/ISSUE-021-goal-completion-proofs/04-proof-threat-model.md
PASS .ai/docs/issue-workflow/ISSUE-021-goal-completion-proofs/05-issue-writeback.md
PASS .ai/docs/issue-workflow/ISSUE-021-goal-completion-proofs/06-final-audit.md
PASS .ai/docs/issue-workflow/ISSUE-021-goal-completion-proofs/07-dataflow-and-seams.md
PASS .ai/docs/issue-workflow/ISSUE-021-goal-completion-proofs/08-proof-schema-sketch.md
PASS .ai/docs/issue-workflow/ISSUE-021-goal-completion-proofs/09-execution-plan.md
PASS .ai/docs/issue-workflow/ISSUE-021-goal-completion-proofs/10-executor-review-checklist.md
PASS .ai/docs/issue-workflow/ISSUE-021-goal-completion-proofs/11-proof-condition-matrix.md
PASS .ai/docs/issue-workflow/ISSUE-021-goal-completion-proofs/12-validation-expansion.md
PASS .ai/docs/issue-workflow/ISSUE-021-goal-completion-proofs/13-runner-safety-research.md
PASS .ai/docs/issue-workflow/ISSUE-021-goal-completion-proofs/14-bcu-external-research-attempt.md
PASS .ai/docs/issue-workflow/ISSUE-021-goal-completion-proofs/15-adversarial-review.md
PASS .ai/docs/issue-workflow/ISSUE-021-goal-completion-proofs/16-acceptance-traceability-matrix.md
PASS .ai/docs/issue-workflow/ISSUE-021-goal-completion-proofs/17-closeout-snapshot.md
PASS .ai/docs/issue-workflow/ISSUE-021-goal-completion-proofs/18-tool-api-design.md
PASS .ai/docs/issue-workflow/ISSUE-021-goal-completion-proofs/19-validation-probe-design.md
PASS .ai/docs/issue-workflow/ISSUE-021-goal-completion-proofs/20-proof-ui-rendering-plan.md
PASS .ai/docs/issue-workflow/ISSUE-021-goal-completion-proofs/21-proof-evaluator-api.md
PASS .ai/docs/issue-workflow/ISSUE-021-goal-completion-proofs/22-readme-update-plan.md
PASS .ai/docs/issue-workflow/ISSUE-021-goal-completion-proofs/23-worktree-freshness-design.md
PASS .ai/docs/issue-workflow/ISSUE-021-goal-completion-proofs/raw/check-ignore-final.log
PASS .ai/docs/issue-workflow/ISSUE-021-goal-completion-proofs/raw/commands.log
PASS .ai/docs/issue-workflow/ISSUE-021-goal-completion-proofs/raw/diff-check.log
PASS .ai/docs/issue-workflow/ISSUE-021-goal-completion-proofs/raw/path-existence-audit.log
PASS .ai/docs/issue-workflow/ISSUE-021-goal-completion-proofs/raw/status-final.log
PASS .ai/docs/issue-workflow/ISSUE-021-goal-completion-proofs/raw/validation-expansion-probe.log
PASS .ai/docs/pi-goals-live-probe-testing.md
PASS .ai/issues/fixed/ISSUE-001-pi-goal-extension.md
PASS .ai/issues/fixed/ISSUE-010-goal-update-telemetry-completion-semantics.md
PASS .ai/issues/fixed/ISSUE-020-goal-churn-monitor.md
PASS .ai/issues/fixed/ISSUE-036-minimum-goal-spend-floors.md
PASS .ai/issues/open/ISSUE-037-goal-queue-auto-continuation-after-complete.md
PASS .ai/issues/refine/ISSUE-015-goal-subgoals.md
PASS .ai/issues/refine/ISSUE-022-goal-history-checkpoints-and-compaction.md
PASS .ai/issues/refine/ISSUE-023-goal-dependency-triggers-and-watchers.md
PASS .ai/issues/refine/ISSUE-024-goal-audit-command.md
checked_paths=40
