$ git status --short --untracked-files=all
?? .ai/docs/issue-workflow/ISSUE-038-bound-goal-template-autocomplete-discovery/00-request.md
?? .ai/docs/issue-workflow/ISSUE-038-bound-goal-template-autocomplete-discovery/01-protocol-read.md
?? .ai/docs/issue-workflow/ISSUE-038-bound-goal-template-autocomplete-discovery/02-grounded-research.md
?? .ai/docs/issue-workflow/ISSUE-038-bound-goal-template-autocomplete-discovery/03-design-lock.md
?? .ai/docs/issue-workflow/ISSUE-038-bound-goal-template-autocomplete-discovery/04-proof-threat-model.md
?? .ai/docs/issue-workflow/ISSUE-038-bound-goal-template-autocomplete-discovery/05-issue-writeback.md
?? .ai/docs/issue-workflow/ISSUE-038-bound-goal-template-autocomplete-discovery/06-final-audit.md
?? .ai/docs/issue-workflow/ISSUE-038-bound-goal-template-autocomplete-discovery/raw/commands.log
?? .ai/docs/issue-workflow/ISSUE-039-recover-active-goal-continuation-after-compaction/raw/commands.log
?? .ai/issues/open/ISSUE-038-bound-goal-template-autocomplete-discovery.md

$ find .ai/issues -maxdepth 2 -type d | sort
.ai/issues
.ai/issues/closed
.ai/issues/defer
.ai/issues/fixed
.ai/issues/open

$ find .ai/issues/open .ai/issues/refine .ai/issues/fixed .ai/issues/defer .ai/issues/closed -maxdepth 1 -type f -name ISSUE-*.md | sort | tail -80
.ai/issues/fixed/ISSUE-001-pi-goal-extension.md
.ai/issues/fixed/ISSUE-002-goal-pause-active-turn-interrupt.md
.ai/issues/fixed/ISSUE-003-paused-goal-continuation-guard.md
.ai/issues/fixed/ISSUE-004-goal-subcommand-fuzzy-autocomplete.md
.ai/issues/fixed/ISSUE-005-goal-widget-labels-and-time-budget.md
.ai/issues/fixed/ISSUE-006-goal-widget-card-ui.md
.ai/issues/fixed/ISSUE-007-goal-budget-warning-and-hard-stop.md
.ai/issues/fixed/ISSUE-008-goal-objective-limit-15k.md
.ai/issues/fixed/ISSUE-009-goal-budget-edit-status-recompute.md
.ai/issues/fixed/ISSUE-010-goal-update-telemetry-completion-semantics.md
.ai/issues/fixed/ISSUE-012-goal-budget-limited-resume-and-wrapup-gaps.md
.ai/issues/fixed/ISSUE-017-reusable-goal-prompt-docs.md
.ai/issues/fixed/ISSUE-020-goal-churn-monitor.md
.ai/issues/fixed/ISSUE-025-goal-line-breaks-widget-rendering.md
.ai/issues/fixed/ISSUE-026-nl-reusable-goal-prompts.md
.ai/issues/fixed/ISSUE-027-goal-queue.md
.ai/issues/fixed/ISSUE-028-goal-replacement-preview.md
.ai/issues/fixed/ISSUE-029-goal-queue-direct-enqueue.md
.ai/issues/fixed/ISSUE-030-queued-goal-steering.md
.ai/issues/fixed/ISSUE-031-goal-queue-template-autocomplete.md
.ai/issues/fixed/ISSUE-032-prose-queue-orchestration-guidance.md
.ai/issues/fixed/ISSUE-033-resume-processes-queued-goals.md
.ai/issues/fixed/ISSUE-034-prevent-unsatisfied-queued-goal-discard.md
.ai/issues/fixed/ISSUE-035-multi-item-goal-queue-block.md
.ai/issues/fixed/ISSUE-036-minimum-goal-spend-floors.md
.ai/issues/open/ISSUE-011-goal-widget-real-component-and-narrow-width.md
.ai/issues/open/ISSUE-013-goal-update-natural-language.md
.ai/issues/open/ISSUE-014-goal-progress-estimates.md
.ai/issues/open/ISSUE-015-goal-subgoals.md
.ai/issues/open/ISSUE-016-goal-idle-tolerant-mode.md
.ai/issues/open/ISSUE-018-goal-start-in-worktree.md
.ai/issues/open/ISSUE-019-parallel-multiple-goals.md
.ai/issues/open/ISSUE-021-goal-completion-proofs.md
.ai/issues/open/ISSUE-022-goal-history-checkpoints-and-compaction.md
.ai/issues/open/ISSUE-023-goal-dependency-triggers-and-watchers.md
.ai/issues/open/ISSUE-024-goal-audit-command.md
.ai/issues/open/ISSUE-037-goal-queue-auto-continuation-after-complete.md
.ai/issues/open/ISSUE-038-bound-goal-template-autocomplete-discovery.md

$ find .ai/issues -type f -name ISSUE-*.md ... next number
ISSUE-039

$ rg lifecycle/continuation compaction surfaces
~/dev/_state/personal/npm-tools/pi/lib/node_modules/@earendil-works/pi-coding-agent/dist/core/agent-session.js:23:import { calculateContextTokens, collectEntriesForBranchSummary, compact, estimateContextTokens, generateBranchSummary, prepareCompaction, shouldCompact, } from "./compaction/index.js";
~/dev/_state/personal/npm-tools/pi/lib/node_modules/@earendil-works/pi-coding-agent/dist/core/agent-session.js:75:    _compactionAbortController = undefined;
~/dev/_state/personal/npm-tools/pi/lib/node_modules/@earendil-works/pi-coding-agent/dist/core/agent-session.js:130:        // (session persistence, extensions, auto-compaction, retry logic)
~/dev/_state/personal/npm-tools/pi/lib/node_modules/@earendil-works/pi-coding-agent/dist/core/agent-session.js:231:    // Track last assistant message for auto-compaction check
~/dev/_state/personal/npm-tools/pi/lib/node_modules/@earendil-works/pi-coding-agent/dist/core/agent-session.js:238:        // _processAgentEvent, slow earlier queued events can delay agent_end processing
~/dev/_state/personal/npm-tools/pi/lib/node_modules/@earendil-works/pi-coding-agent/dist/core/agent-session.js:246:        if (event.type !== "agent_end" || this._retryPromise) {
~/dev/_state/personal/npm-tools/pi/lib/node_modules/@earendil-works/pi-coding-agent/dist/core/agent-session.js:310:            // Other message types (bashExecution, compactionSummary, branchSummary) are persisted elsewhere
~/dev/_state/personal/npm-tools/pi/lib/node_modules/@earendil-works/pi-coding-agent/dist/core/agent-session.js:311:            // Track assistant message for auto-compaction (checked on agent_end)
~/dev/_state/personal/npm-tools/pi/lib/node_modules/@earendil-works/pi-coding-agent/dist/core/agent-session.js:330:        // Check auto-retry and auto-compaction after agent completes
~/dev/_state/personal/npm-tools/pi/lib/node_modules/@earendil-works/pi-coding-agent/dist/core/agent-session.js:331:        if (event.type === "agent_end" && this._lastAssistantMessage) {
~/dev/_state/personal/npm-tools/pi/lib/node_modules/@earendil-works/pi-coding-agent/dist/core/agent-session.js:338:                    return; // Retry was initiated, don't proceed to compaction
~/dev/_state/personal/npm-tools/pi/lib/node_modules/@earendil-works/pi-coding-agent/dist/core/agent-session.js:341:            await this._checkCompaction(msg);
~/dev/_state/personal/npm-tools/pi/lib/node_modules/@earendil-works/pi-coding-agent/dist/core/agent-session.js:393:        else if (event.type === "agent_end") {
~/dev/_state/personal/npm-tools/pi/lib/node_modules/@earendil-works/pi-coding-agent/dist/core/agent-session.js:394:            await this._extensionRunner.emit({ type: "agent_end", messages: event.messages });
~/dev/_state/personal/npm-tools/pi/lib/node_modules/@earendil-works/pi-coding-agent/dist/core/agent-session.js:583:    /** Whether compaction or branch summarization is currently running */
~/dev/_state/personal/npm-tools/pi/lib/node_modules/@earendil-works/pi-coding-agent/dist/core/agent-session.js:586:            this._compactionAbortController !== undefined ||
~/dev/_state/personal/npm-tools/pi/lib/node_modules/@earendil-works/pi-coding-agent/dist/core/agent-session.js:757:                await this._checkCompaction(lastAssistant, false);
~/dev/_state/personal/npm-tools/pi/lib/node_modules/@earendil-works/pi-coding-agent/dist/core/agent-session.js:958:    async sendCustomMessage(message, options) {
~/dev/_state/personal/npm-tools/pi/lib/node_modules/@earendil-works/pi-coding-agent/dist/core/agent-session.js:1243:     * @param customInstructions Optional instructions for the compaction summary
~/dev/_state/personal/npm-tools/pi/lib/node_modules/@earendil-works/pi-coding-agent/dist/core/agent-session.js:1248:        this._compactionAbortController = new AbortController();
~/dev/_state/personal/npm-tools/pi/lib/node_modules/@earendil-works/pi-coding-agent/dist/core/agent-session.js:1249:        this._emit({ type: "compaction_start", reason: "manual" });
~/dev/_state/personal/npm-tools/pi/lib/node_modules/@earendil-works/pi-coding-agent/dist/core/agent-session.js:1261:                if (lastEntry?.type === "compaction") {
~/dev/_state/personal/npm-tools/pi/lib/node_modules/@earendil-works/pi-coding-agent/dist/core/agent-session.js:1268:            if (this._extensionRunner.hasHandlers("session_before_compact")) {
~/dev/_state/personal/npm-tools/pi/lib/node_modules/@earendil-works/pi-coding-agent/dist/core/agent-session.js:1270:                    type: "session_before_compact",
~/dev/_state/personal/npm-tools/pi/lib/node_modules/@earendil-works/pi-coding-agent/dist/core/agent-session.js:1274:                    signal: this._compactionAbortController.signal,
~/dev/_state/personal/npm-tools/pi/lib/node_modules/@earendil-works/pi-coding-agent/dist/core/agent-session.js:1279:                if (result?.compaction) {
~/dev/_state/personal/npm-tools/pi/lib/node_modules/@earendil-works/pi-coding-agent/dist/core/agent-session.js:1280:                    extensionCompaction = result.compaction;
~/dev/_state/personal/npm-tools/pi/lib/node_modules/@earendil-works/pi-coding-agent/dist/core/agent-session.js:1289:                // Extension provided compaction content
~/dev/_state/personal/npm-tools/pi/lib/node_modules/@earendil-works/pi-coding-agent/dist/core/agent-session.js:1296:                // Generate compaction result
~/dev/_state/personal/npm-tools/pi/lib/node_modules/@earendil-works/pi-coding-agent/dist/core/agent-session.js:1297:                const result = await compact(preparation, this.model, apiKey, headers, customInstructions, this._compactionAbortController.signal, this.thinkingLevel);
~/dev/_state/personal/npm-tools/pi/lib/node_modules/@earendil-works/pi-coding-agent/dist/core/agent-session.js:1303:            if (this._compactionAbortController.signal.aborted) {
~/dev/_state/personal/npm-tools/pi/lib/node_modules/@earendil-works/pi-coding-agent/dist/core/agent-session.js:1310:            // Get the saved compaction entry for the extension event
~/dev/_state/personal/npm-tools/pi/lib/node_modules/@earendil-works/pi-coding-agent/dist/core/agent-session.js:1311:            const savedCompactionEntry = newEntries.find((e) => e.type === "compaction" && e.summary === summary);
~/dev/_state/personal/npm-tools/pi/lib/node_modules/@earendil-works/pi-coding-agent/dist/core/agent-session.js:1314:                    type: "session_compact",
~/dev/_state/personal/npm-tools/pi/lib/node_modules/@earendil-works/pi-coding-agent/dist/core/agent-session.js:1315:                    compactionEntry: savedCompactionEntry,
~/dev/_state/personal/npm-tools/pi/lib/node_modules/@earendil-works/pi-coding-agent/dist/core/agent-session.js:1319:            const compactionResult = {
~/dev/_state/personal/npm-tools/pi/lib/node_modules/@earendil-works/pi-coding-agent/dist/core/agent-session.js:1326:                type: "compaction_end",
~/dev/_state/personal/npm-tools/pi/lib/node_modules/@earendil-works/pi-coding-agent/dist/core/agent-session.js:1328:                result: compactionResult,
~/dev/_state/personal/npm-tools/pi/lib/node_modules/@earendil-works/pi-coding-agent/dist/core/agent-session.js:1330:                willRetry: false,
~/dev/_state/personal/npm-tools/pi/lib/node_modules/@earendil-works/pi-coding-agent/dist/core/agent-session.js:1332:            return compactionResult;
~/dev/_state/personal/npm-tools/pi/lib/node_modules/@earendil-works/pi-coding-agent/dist/core/agent-session.js:1338:                type: "compaction_end",
~/dev/_state/personal/npm-tools/pi/lib/node_modules/@earendil-works/pi-coding-agent/dist/core/agent-session.js:1342:                willRetry: false,
~/dev/_state/personal/npm-tools/pi/lib/node_modules/@earendil-works/pi-coding-agent/dist/core/agent-session.js:1348:            this._compactionAbortController = undefined;
~/dev/_state/personal/npm-tools/pi/lib/node_modules/@earendil-works/pi-coding-agent/dist/core/agent-session.js:1353:     * Cancel in-progress compaction (manual or auto).
~/dev/_state/personal/npm-tools/pi/lib/node_modules/@earendil-works/pi-coding-agent/dist/core/agent-session.js:1356:        this._compactionAbortController?.abort();
~/dev/_state/personal/npm-tools/pi/lib/node_modules/@earendil-works/pi-coding-agent/dist/core/agent-session.js:1366:     * Check if compaction is needed and run it.
~/dev/_state/personal/npm-tools/pi/lib/node_modules/@earendil-works/pi-coding-agent/dist/core/agent-session.js:1367:     * Called after agent_end and before prompt submission.
~/dev/_state/personal/npm-tools/pi/lib/node_modules/@earendil-works/pi-coding-agent/dist/core/agent-session.js:1376:    async _checkCompaction(assistantMessage, skipAbortedCheck = true) {
~/dev/_state/personal/npm-tools/pi/lib/node_modules/@earendil-works/pi-coding-agent/dist/core/agent-session.js:1387:        // shouldn't trigger compaction for the new model.
~/dev/_state/personal/npm-tools/pi/lib/node_modules/@earendil-works/pi-coding-agent/dist/core/agent-session.js:1389:        // Skip compaction checks if this assistant message is older than the latest
~/dev/_state/personal/npm-tools/pi/lib/node_modules/@earendil-works/pi-coding-agent/dist/core/agent-session.js:1390:        // compaction boundary. This prevents a stale pre-compaction usage/error
~/dev/_state/personal/npm-tools/pi/lib/node_modules/@earendil-works/pi-coding-agent/dist/core/agent-session.js:1391:        // from retriggering compaction on the first prompt after compaction.
~/dev/_state/personal/npm-tools/pi/lib/node_modules/@earendil-works/pi-coding-agent/dist/core/agent-session.js:1392:        const compactionEntry = getLatestCompactionEntry(this.sessionManager.getBranch());
~/dev/_state/personal/npm-tools/pi/lib/node_modules/@earendil-works/pi-coding-agent/dist/core/agent-session.js:1393:        const assistantIsFromBeforeCompaction = compactionEntry !== null && assistantMessage.timestamp <= new Date(compactionEntry.timestamp).getTime();
~/dev/_state/personal/npm-tools/pi/lib/node_modules/@earendil-works/pi-coding-agent/dist/core/agent-session.js:1401:                    type: "compaction_end",
~/dev/_state/personal/npm-tools/pi/lib/node_modules/@earendil-works/pi-coding-agent/dist/core/agent-session.js:1405:                    willRetry: false,
~/dev/_state/personal/npm-tools/pi/lib/node_modules/@earendil-works/pi-coding-agent/dist/core/agent-session.js:1417:            await this._runAutoCompaction("overflow", true);
~/dev/_state/personal/npm-tools/pi/lib/node_modules/@earendil-works/pi-coding-agent/dist/core/agent-session.js:1429:            // Verify the usage source is post-compaction. Kept pre-compaction messages
~/dev/_state/personal/npm-tools/pi/lib/node_modules/@earendil-works/pi-coding-agent/dist/core/agent-session.js:1431:            // trigger compaction right after one just finished.
~/dev/_state/personal/npm-tools/pi/lib/node_modules/@earendil-works/pi-coding-agent/dist/core/agent-session.js:1433:            if (compactionEntry &&
~/dev/_state/personal/npm-tools/pi/lib/node_modules/@earendil-works/pi-coding-agent/dist/core/agent-session.js:1435:                usageMsg.timestamp <= new Date(compactionEntry.timestamp).getTime()) {
~/dev/_state/personal/npm-tools/pi/lib/node_modules/@earendil-works/pi-coding-agent/dist/core/agent-session.js:1444:            await this._runAutoCompaction("threshold", false);
~/dev/_state/personal/npm-tools/pi/lib/node_modules/@earendil-works/pi-coding-agent/dist/core/agent-session.js:1448:     * Internal: Run auto-compaction with events.
~/dev/_state/personal/npm-tools/pi/lib/node_modules/@earendil-works/pi-coding-agent/dist/core/agent-session.js:1450:    async _runAutoCompaction(reason, willRetry) {
~/dev/_state/personal/npm-tools/pi/lib/node_modules/@earendil-works/pi-coding-agent/dist/core/agent-session.js:1452:        this._emit({ type: "compaction_start", reason });
~/dev/_state/personal/npm-tools/pi/lib/node_modules/@earendil-works/pi-coding-agent/dist/core/agent-session.js:1457:                    type: "compaction_end",
~/dev/_state/personal/npm-tools/pi/lib/node_modules/@earendil-works/pi-coding-agent/dist/core/agent-session.js:1461:                    willRetry: false,
~/dev/_state/personal/npm-tools/pi/lib/node_modules/@earendil-works/pi-coding-agent/dist/core/agent-session.js:1468:                    type: "compaction_end",
~/dev/_state/personal/npm-tools/pi/lib/node_modules/@earendil-works/pi-coding-agent/dist/core/agent-session.js:1472:                    willRetry: false,
~/dev/_state/personal/npm-tools/pi/lib/node_modules/@earendil-works/pi-coding-agent/dist/core/agent-session.js:1481:                    type: "compaction_end",
~/dev/_state/personal/npm-tools/pi/lib/node_modules/@earendil-works/pi-coding-agent/dist/core/agent-session.js:1485:                    willRetry: false,
~/dev/_state/personal/npm-tools/pi/lib/node_modules/@earendil-works/pi-coding-agent/dist/core/agent-session.js:1491:            if (this._extensionRunner.hasHandlers("session_before_compact")) {
~/dev/_state/personal/npm-tools/pi/lib/node_modules/@earendil-works/pi-coding-agent/dist/core/agent-session.js:1493:                    type: "session_before_compact",
~/dev/_state/personal/npm-tools/pi/lib/node_modules/@earendil-works/pi-coding-agent/dist/core/agent-session.js:1501:                        type: "compaction_end",
~/dev/_state/personal/npm-tools/pi/lib/node_modules/@earendil-works/pi-coding-agent/dist/core/agent-session.js:1505:                        willRetry: false,
~/dev/_state/personal/npm-tools/pi/lib/node_modules/@earendil-works/pi-coding-agent/dist/core/agent-session.js:1509:                if (extensionResult?.compaction) {
~/dev/_state/personal/npm-tools/pi/lib/node_modules/@earendil-works/pi-coding-agent/dist/core/agent-session.js:1510:                    extensionCompaction = extensionResult.compaction;
~/dev/_state/personal/npm-tools/pi/lib/node_modules/@earendil-works/pi-coding-agent/dist/core/agent-session.js:1519:                // Extension provided compaction content
~/dev/_state/personal/npm-tools/pi/lib/node_modules/@earendil-works/pi-coding-agent/dist/core/agent-session.js:1526:                // Generate compaction result
~/dev/_state/personal/npm-tools/pi/lib/node_modules/@earendil-works/pi-coding-agent/dist/core/agent-session.js:1535:                    type: "compaction_end",
~/dev/_state/personal/npm-tools/pi/lib/node_modules/@earendil-works/pi-coding-agent/dist/core/agent-session.js:1539:                    willRetry: false,
~/dev/_state/personal/npm-tools/pi/lib/node_modules/@earendil-works/pi-coding-agent/dist/core/agent-session.js:1547:            // Get the saved compaction entry for the extension event
~/dev/_state/personal/npm-tools/pi/lib/node_modules/@earendil-works/pi-coding-agent/dist/core/agent-session.js:1548:            const savedCompactionEntry = newEntries.find((e) => e.type === "compaction" && e.summary === summary);
~/dev/_state/personal/npm-tools/pi/lib/node_modules/@earendil-works/pi-coding-agent/dist/core/agent-session.js:1551:                    type: "session_compact",
~/dev/_state/personal/npm-tools/pi/lib/node_modules/@earendil-works/pi-coding-agent/dist/core/agent-session.js:1552:                    compactionEntry: savedCompactionEntry,
~/dev/_state/personal/npm-tools/pi/lib/node_modules/@earendil-works/pi-coding-agent/dist/core/agent-session.js:1562:            this._emit({ type: "compaction_end", reason, result, aborted: false, willRetry });
~/dev/_state/personal/npm-tools/pi/lib/node_modules/@earendil-works/pi-coding-agent/dist/core/agent-session.js:1563:            if (willRetry) {
~/dev/_state/personal/npm-tools/pi/lib/node_modules/@earendil-works/pi-coding-agent/dist/core/agent-session.js:1573:            else if (this.agent.hasQueuedMessages()) {
~/dev/_state/personal/npm-tools/pi/lib/node_modules/@earendil-works/pi-coding-agent/dist/core/agent-session.js:1574:                // Auto-compaction can complete while follow-up/steering/custom messages are waiting.
~/dev/_state/personal/npm-tools/pi/lib/node_modules/@earendil-works/pi-coding-agent/dist/core/agent-session.js:1582:            const errorMessage = error instanceof Error ? error.message : "compaction failed";
~/dev/_state/personal/npm-tools/pi/lib/node_modules/@earendil-works/pi-coding-agent/dist/core/agent-session.js:1584:                type: "compaction_end",
~/dev/_state/personal/npm-tools/pi/lib/node_modules/@earendil-works/pi-coding-agent/dist/core/agent-session.js:1588:                willRetry: false,
~/dev/_state/personal/npm-tools/pi/lib/node_modules/@earendil-works/pi-coding-agent/dist/core/agent-session.js:1591:                    : `Auto-compaction failed: ${errorMessage}`,
~/dev/_state/personal/npm-tools/pi/lib/node_modules/@earendil-works/pi-coding-agent/dist/core/agent-session.js:1599:     * Toggle auto-compaction setting.
~/dev/_state/personal/npm-tools/pi/lib/node_modules/@earendil-works/pi-coding-agent/dist/core/agent-session.js:1604:    /** Whether auto-compaction is enabled */
~/dev/_state/personal/npm-tools/pi/lib/node_modules/@earendil-works/pi-coding-agent/dist/core/agent-session.js:1706:        runner.bindCore({
~/dev/_state/personal/npm-tools/pi/lib/node_modules/@earendil-works/pi-coding-agent/dist/core/agent-session.js:1708:                this.sendCustomMessage(message, options).catch((err) => {
~/dev/_state/personal/npm-tools/pi/lib/node_modules/@earendil-works/pi-coding-agent/dist/core/agent-session.js:1752:            isIdle: () => !this.isStreaming,
~/dev/_state/personal/npm-tools/pi/lib/node_modules/@earendil-works/pi-coding-agent/dist/core/agent-session.js:1755:            hasPendingMessages: () => this.pendingMessageCount > 0,
~/dev/_state/personal/npm-tools/pi/lib/node_modules/@earendil-works/pi-coding-agent/dist/core/agent-session.js:1920:     * Context overflow errors are NOT retryable (handled by compaction instead).
~/dev/_state/personal/npm-tools/pi/lib/node_modules/@earendil-works/pi-coding-agent/dist/core/agent-session.js:1925:        // Context overflow is handled by compaction, not retry
~/dev/_state/personal/npm-tools/pi/lib/node_modules/@earendil-works/pi-coding-agent/dist/core/agent-session.js:1943:        // Retry promise is created synchronously in _handleAgentEvent for agent_end.
~/dev/_state/personal/npm-tools/pi/lib/node_modules/@earendil-works/pi-coding-agent/dist/core/agent-session.js:1999:                // Retry failed - will be caught by next agent_end
~/dev/_state/personal/npm-tools/pi/lib/node_modules/@earendil-works/pi-coding-agent/dist/core/agent-session.js:2084:            // Queue for later - will be flushed on agent_end
~/dev/_state/personal/npm-tools/pi/lib/node_modules/@earendil-works/pi-coding-agent/dist/core/agent-session.js:2384:        // After compaction, the last assistant usage reflects pre-compaction context size.
~/dev/_state/personal/npm-tools/pi/lib/node_modules/@earendil-works/pi-coding-agent/dist/core/agent-session.js:2385:        // We can only trust usage from an assistant that responded after the latest compaction.
~/dev/_state/personal/npm-tools/pi/lib/node_modules/@earendil-works/pi-coding-agent/dist/core/agent-session.js:2390:            // Check if there's a valid assistant usage after the compaction boundary
~/dev/_state/personal/npm-tools/pi/lib/node_modules/@earendil-works/pi-coding-agent/dist/core/agent-session.js:2391:            const compactionIndex = branchEntries.lastIndexOf(latestCompaction);
~/dev/_state/personal/npm-tools/pi/lib/node_modules/@earendil-works/pi-coding-agent/dist/core/agent-session.js:2393:            for (let i = branchEntries.length - 1; i > compactionIndex; i--) {
~/dev/_state/personal/npm-tools/pi/lib/node_modules/@earendil-works/pi-coding-agent/dist/core/agent-session.js:2504:        context.sendMessage = (message, options) => this.sendCustomMessage(message, options);
.pi/extensions/goal/command.ts:230:	if (!ctx.isIdle()) {
.pi/extensions/goal/index.ts:3:import { cancelGoalContinuation, interruptActiveGoalTurn, scheduleBudgetLimitWrapUp, scheduleMaybeContinueGoal } from "./continuation";
.pi/extensions/goal/index.ts:13:		(ctx, reason) => scheduleMaybeContinueGoal(pi, ctx, reason),
.pi/extensions/goal/index.ts:20:	registerGoalTools(pi, (ctx, reason) => scheduleMaybeContinueGoal(pi, ctx, reason), cancelGoalContinuation, (ctx) => scheduleGoalMonitor(pi, ctx), cancelGoalMonitor, (ctx, goal) => scheduleBudgetLimitWrapUp(pi, ctx, goal), () => getQueue().length, (reason) => sendQueueSteering(pi, reason));
.pi/extensions/goal/lifecycle.ts:24:import { cancelGoalContinuation, interruptActiveGoalTurn, scheduleBudgetLimitWrapUp, scheduleMaybeContinueGoal } from "./continuation";
.pi/extensions/goal/lifecycle.ts:51:	pi.on("agent_end", async (_event, ctx) => scheduleMaybeContinueGoal(pi, ctx, "agentEnd"));
.pi/extensions/goal/lifecycle.ts:70:			scheduleMaybeContinueGoal(pi, ctx, "resumed");
.pi/extensions/goal/continuation.ts:28:export function scheduleMaybeContinueGoal(pi: ExtensionAPI, ctx: ExtensionContext, reason: ContinuationReason): void {
.pi/extensions/goal/continuation.ts:38:		void safelyRun(() => maybeContinueGoal(pi, ctx, reason, goalId));
.pi/extensions/goal/continuation.ts:66:	if (ctx.isIdle()) return;
.pi/extensions/goal/continuation.ts:79:async function maybeContinueGoal(pi: ExtensionAPI, ctx: ExtensionContext, reason: ContinuationReason, goalId: string): Promise<void> {
.pi/extensions/goal/continuation.ts:82:	if (!ctx.isIdle()) return skip(pi, "notIdle");
.pi/extensions/goal/continuation.ts:83:	if (ctx.hasPendingMessages()) return skip(pi, "pendingMessages");
.pi/extensions/goal/continuation.ts:99:	if (!ctx.isIdle()) return;
.pi/extensions/goal/continuation.ts:100:	if (ctx.hasPendingMessages()) return;

$ find create-skill-doc check

$ rg create-skill-doc check
.pi/goal-monitor/sessions/pi-goal-monitor-d0093985-76b9-40cd-b023-459bdde1ab86.jsonl:4:{"type":"message","id":"803ccd6c","parentId":"82e7900a","timestamp":"2026-05-11T14:23:52.372Z","message":{"role":"user","content":[{"type":"text","text":"You are the persistent third-party churn monitor for one active pi-goal.\n\nYou are not the worker. Do not solve the task. Do not mark the goal complete.\nYour job is to judge whether the worker is visibly stuck in unproductive churn and, only when justified, provide one narrow steering instruction.\n\nYou are project-, goal-, and process-agnostic. Apply general reasoning.\n\nDo not be impatient. A hard task, long runtime, one failed attempt, repeated validation, or sparse report cadence is not automatically churn.\nUse timestamps, elapsed time, prior churn-log entries, and recent worker behavior to decide whether there is real identifiable churn.\nYou receive only bounded recent churn-log entries. Reason from that bounded history and do not assume  ... (very long line, trimmed to 1000 chars)
.pi/goal-monitor/sessions/pi-goal-monitor-f84728da-e632-4ab9-8d93-fd6a0acfff5a.jsonl:4:{"type":"message","id":"48f0850a","parentId":"ac4d97fd","timestamp":"2026-05-11T14:31:47.025Z","message":{"role":"user","content":[{"type":"text","text":"You are the persistent third-party churn monitor for one active pi-goal.\n\nYou are not the worker. Do not solve the task. Do not mark the goal complete.\nYour job is to judge whether the worker is visibly stuck in unproductive churn and, only when justified, provide one narrow steering instruction.\n\nYou are project-, goal-, and process-agnostic. Apply general reasoning.\n\nDo not be impatient. A hard task, long runtime, one failed attempt, repeated validation, or sparse report cadence is not automatically churn.\nUse timestamps, elapsed time, prior churn-log entries, and recent worker behavior to decide whether there is real identifiable churn.\nYou receive only bounded recent churn-log entries. Reason from that bounded history and do not assume  ... (very long line, trimmed to 1000 chars)

$ git status --short --untracked-files=all
?? .ai/docs/issue-workflow/ISSUE-038-bound-goal-template-autocomplete-discovery/00-request.md
?? .ai/docs/issue-workflow/ISSUE-038-bound-goal-template-autocomplete-discovery/01-protocol-read.md
?? .ai/docs/issue-workflow/ISSUE-038-bound-goal-template-autocomplete-discovery/02-grounded-research.md
?? .ai/docs/issue-workflow/ISSUE-038-bound-goal-template-autocomplete-discovery/03-design-lock.md
?? .ai/docs/issue-workflow/ISSUE-038-bound-goal-template-autocomplete-discovery/04-proof-threat-model.md
?? .ai/docs/issue-workflow/ISSUE-038-bound-goal-template-autocomplete-discovery/05-issue-writeback.md
?? .ai/docs/issue-workflow/ISSUE-038-bound-goal-template-autocomplete-discovery/06-final-audit.md
?? .ai/docs/issue-workflow/ISSUE-038-bound-goal-template-autocomplete-discovery/raw/commands.log
?? .ai/docs/issue-workflow/ISSUE-039-recover-active-goal-continuation-after-compaction/00-request.md
?? .ai/docs/issue-workflow/ISSUE-039-recover-active-goal-continuation-after-compaction/01-protocol-read.md
?? .ai/docs/issue-workflow/ISSUE-039-recover-active-goal-continuation-after-compaction/02-grounded-research.md
?? .ai/docs/issue-workflow/ISSUE-039-recover-active-goal-continuation-after-compaction/03-design-lock.md
?? .ai/docs/issue-workflow/ISSUE-039-recover-active-goal-continuation-after-compaction/04-proof-threat-model.md
?? .ai/docs/issue-workflow/ISSUE-039-recover-active-goal-continuation-after-compaction/05-issue-writeback.md
?? .ai/docs/issue-workflow/ISSUE-039-recover-active-goal-continuation-after-compaction/raw/commands.log
?? .ai/issues/open/ISSUE-038-bound-goal-template-autocomplete-discovery.md
?? .ai/issues/open/ISSUE-039-recover-active-goal-continuation-after-compaction.md

$ git check-ignore -v .ai/docs/issue-workflow/ISSUE-039-recover-active-goal-continuation-after-compaction/00-request.md || true
.gitignore:11:!.ai/docs/issue-workflow/**	.ai/docs/issue-workflow/ISSUE-039-recover-active-goal-continuation-after-compaction/00-request.md

$ git check-ignore -v .ai/issues/open/ISSUE-039-recover-active-goal-continuation-after-compaction.md || true

$ git status --short --untracked-files=all
?? .ai/docs/issue-workflow/ISSUE-038-bound-goal-template-autocomplete-discovery/00-request.md
?? .ai/docs/issue-workflow/ISSUE-038-bound-goal-template-autocomplete-discovery/01-protocol-read.md
?? .ai/docs/issue-workflow/ISSUE-038-bound-goal-template-autocomplete-discovery/02-grounded-research.md
?? .ai/docs/issue-workflow/ISSUE-038-bound-goal-template-autocomplete-discovery/03-design-lock.md
?? .ai/docs/issue-workflow/ISSUE-038-bound-goal-template-autocomplete-discovery/04-proof-threat-model.md
?? .ai/docs/issue-workflow/ISSUE-038-bound-goal-template-autocomplete-discovery/05-issue-writeback.md
?? .ai/docs/issue-workflow/ISSUE-038-bound-goal-template-autocomplete-discovery/06-final-audit.md
?? .ai/docs/issue-workflow/ISSUE-038-bound-goal-template-autocomplete-discovery/raw/commands.log
?? .ai/docs/issue-workflow/ISSUE-039-recover-active-goal-continuation-after-compaction/00-request.md
?? .ai/docs/issue-workflow/ISSUE-039-recover-active-goal-continuation-after-compaction/01-protocol-read.md
?? .ai/docs/issue-workflow/ISSUE-039-recover-active-goal-continuation-after-compaction/02-grounded-research.md
?? .ai/docs/issue-workflow/ISSUE-039-recover-active-goal-continuation-after-compaction/03-design-lock.md
?? .ai/docs/issue-workflow/ISSUE-039-recover-active-goal-continuation-after-compaction/04-proof-threat-model.md
?? .ai/docs/issue-workflow/ISSUE-039-recover-active-goal-continuation-after-compaction/05-issue-writeback.md
?? .ai/docs/issue-workflow/ISSUE-039-recover-active-goal-continuation-after-compaction/06-final-audit.md
?? .ai/docs/issue-workflow/ISSUE-039-recover-active-goal-continuation-after-compaction/raw/commands.log
?? .ai/issues/open/ISSUE-038-bound-goal-template-autocomplete-discovery.md
?? .ai/issues/open/ISSUE-039-recover-active-goal-continuation-after-compaction.md

$ git check-ignore -v .ai/docs/issue-workflow/ISSUE-039-recover-active-goal-continuation-after-compaction/06-final-audit.md || true
.gitignore:11:!.ai/docs/issue-workflow/**	.ai/docs/issue-workflow/ISSUE-039-recover-active-goal-continuation-after-compaction/06-final-audit.md
