$ find .ai/issues/refine -maxdepth 1 -type f -name "ISSUE-*.md" -print | sort
\n$ find .ai/issues/open -maxdepth 1 -type f -name "ISSUE-*.md" -print | sort
.ai/issues/open/ISSUE-011-goal-widget-real-component-and-narrow-width.md
.ai/issues/open/ISSUE-013-goal-update-natural-language.md
.ai/issues/open/ISSUE-014-goal-progress-estimates.md
.ai/issues/open/ISSUE-015-goal-subgoals.md
.ai/issues/open/ISSUE-016-goal-idle-tolerant-mode.md
.ai/issues/open/ISSUE-018-goal-start-in-worktree.md
.ai/issues/open/ISSUE-019-parallel-multiple-goals.md
.ai/issues/open/ISSUE-021-goal-completion-proofs.md
.ai/issues/open/ISSUE-022-goal-history-checkpoints-and-compaction.md
.ai/issues/open/ISSUE-023-goal-dependency-triggers-and-watchers.md
.ai/issues/open/ISSUE-024-goal-audit-command.md
.ai/issues/open/ISSUE-037-goal-queue-auto-continuation-after-complete.md
\n$ ls -1 .ai/docs/issue-workflow/ISSUE-013-goal-update-natural-language
00-request.md
01-protocol-read.md
02-grounded-research.md
03-design-lock.md
04-proof-threat-model.md
05-issue-writeback.md
06-final-audit.md
raw
\n$ ls -1 .ai/docs/issue-workflow/ISSUE-013-goal-update-natural-language/raw
commands.log
final-comprehensive-completion-probe.log
final-inventory.log
final-visibility-and-path-checks.log
pre-refinement-nl-update-invariant-probe.log
promotion-invariant-probe.log
quality-goal-open-promotion.log
research-rg.log
sentrux-gate.log
