40	.ai/docs/issue-workflow/ISSUE-015-goal-subgoals/00-request.md
30	.ai/docs/issue-workflow/ISSUE-015-goal-subgoals/01-protocol-read.md
59	.ai/docs/issue-workflow/ISSUE-015-goal-subgoals/02-grounded-research.md
51	.ai/docs/issue-workflow/ISSUE-015-goal-subgoals/03-design-lock.md
35	.ai/docs/issue-workflow/ISSUE-015-goal-subgoals/04-proof-threat-model.md
33	.ai/docs/issue-workflow/ISSUE-015-goal-subgoals/05-issue-writeback.md
65	.ai/docs/issue-workflow/ISSUE-015-goal-subgoals/06-final-audit.md
15	.ai/docs/issue-workflow/ISSUE-015-goal-subgoals/07-acceptance-traceability.md
16	.ai/docs/issue-workflow/ISSUE-015-goal-subgoals/08-open-bucket-promotion.md
21	.ai/docs/issue-workflow/ISSUE-015-goal-subgoals/09-migration-consistency-audit.md
16	.ai/docs/issue-workflow/ISSUE-015-goal-subgoals/10-current-code-readiness-audit.md
17	.ai/docs/issue-workflow/ISSUE-015-goal-subgoals/11-downstream-reference-update.md
15	.ai/docs/issue-workflow/ISSUE-015-goal-subgoals/12-package-script-proof-check.md
37	.ai/docs/issue-workflow/ISSUE-015-goal-subgoals/13-executor-handoff.md
21	.ai/docs/issue-workflow/ISSUE-015-goal-subgoals/14-non-implementation-boundary.md
17	.ai/docs/issue-workflow/ISSUE-015-goal-subgoals/15-queue-continuation-note.md
15	.ai/docs/issue-workflow/ISSUE-015-goal-subgoals/16-stale-reference-audit.md
13	.ai/docs/issue-workflow/ISSUE-015-goal-subgoals/17-template-containment-readback.md
13	.ai/docs/issue-workflow/ISSUE-015-goal-subgoals/18-parent-pipeline-readback.md
19	.ai/docs/issue-workflow/ISSUE-015-goal-subgoals/19-subgoal-state-matrix.md
21	.ai/docs/issue-workflow/ISSUE-015-goal-subgoals/20-replay-bounds-handoff.md
22	.ai/docs/issue-workflow/ISSUE-015-goal-subgoals/21-closeout-summary.md
20	.ai/docs/issue-workflow/ISSUE-015-goal-subgoals/22-queue-state-checkpoint.md
13	.ai/docs/issue-workflow/ISSUE-015-goal-subgoals/23-types-source-recheck.md
13	.ai/docs/issue-workflow/ISSUE-015-goal-subgoals/24-state-source-recheck.md
15	.ai/docs/issue-workflow/ISSUE-015-goal-subgoals/25-tools-registration-recheck.md
13	.ai/docs/issue-workflow/ISSUE-015-goal-subgoals/26-tool-output-recheck.md
13	.ai/docs/issue-workflow/ISSUE-015-goal-subgoals/27-widget-source-recheck.md
13	.ai/docs/issue-workflow/ISSUE-015-goal-subgoals/28-prompt-source-recheck.md
23	.ai/docs/issue-workflow/ISSUE-015-goal-subgoals/29-readme-update-plan.md
19	.ai/docs/issue-workflow/ISSUE-015-goal-subgoals/30-stack-order-after-promotion.md
19	.ai/docs/issue-workflow/ISSUE-015-goal-subgoals/31-acceptance-traceability-addendum.md
13	.ai/docs/issue-workflow/ISSUE-015-goal-subgoals/32-fingerprint.md
13	.ai/docs/issue-workflow/ISSUE-015-goal-subgoals/33-monitor-report-recheck.md
13	.ai/docs/issue-workflow/ISSUE-015-goal-subgoals/34-ui-source-recheck.md
13	.ai/docs/issue-workflow/ISSUE-015-goal-subgoals/35-format-source-recheck.md
13	.ai/docs/issue-workflow/ISSUE-015-goal-subgoals/36-final-promotion-invariant.md
13	.ai/docs/issue-workflow/ISSUE-015-goal-subgoals/37-budget-source-recheck.md
13	.ai/docs/issue-workflow/ISSUE-015-goal-subgoals/38-queue-source-recheck.md
16	.ai/docs/issue-workflow/ISSUE-015-goal-subgoals/39-final-closeout-readback.md
40	.ai/docs/issue-workflow/ISSUE-015-goal-subgoals/raw/artifact-line-counts.log
1	.ai/docs/issue-workflow/ISSUE-015-goal-subgoals/raw/check-ignore-final.log
4	.ai/docs/issue-workflow/ISSUE-015-goal-subgoals/raw/closeout-needle-check.log
72	.ai/docs/issue-workflow/ISSUE-015-goal-subgoals/raw/commands.log
0	.ai/docs/issue-workflow/ISSUE-015-goal-subgoals/raw/diff-check.log
2	.ai/docs/issue-workflow/ISSUE-015-goal-subgoals/raw/diff-stat-final.log
46	.ai/docs/issue-workflow/ISSUE-015-goal-subgoals/raw/final-promotion-invariant-probe.log
3	.ai/docs/issue-workflow/ISSUE-015-goal-subgoals/raw/issue015-promotion-fingerprint.log
4	.ai/docs/issue-workflow/ISSUE-015-goal-subgoals/raw/old-path-references-after-update.log
7	.ai/docs/issue-workflow/ISSUE-015-goal-subgoals/raw/old-path-references.log
3	.ai/docs/issue-workflow/ISSUE-015-goal-subgoals/raw/open-inventory-final.log
49	.ai/docs/issue-workflow/ISSUE-015-goal-subgoals/raw/open-issue-full-validation.log
70	.ai/docs/issue-workflow/ISSUE-015-goal-subgoals/raw/open-path-audit.log
14	.ai/docs/issue-workflow/ISSUE-015-goal-subgoals/raw/open-promotion-validation.log
43	.ai/docs/issue-workflow/ISSUE-015-goal-subgoals/raw/path-existence-audit.log
6	.ai/docs/issue-workflow/ISSUE-015-goal-subgoals/raw/promotion-invariant-probe.log
84	.ai/docs/issue-workflow/ISSUE-015-goal-subgoals/raw/quality-goal-open-promotion.log
9	.ai/docs/issue-workflow/ISSUE-015-goal-subgoals/raw/refine-inventory-final.log
554	.ai/docs/issue-workflow/ISSUE-015-goal-subgoals/raw/research-rg.log
9	.ai/docs/issue-workflow/ISSUE-015-goal-subgoals/raw/sentrux-gate.log
5	.ai/docs/issue-workflow/ISSUE-015-goal-subgoals/raw/slop-goal-open-promotion.log
5	.ai/docs/issue-workflow/ISSUE-015-goal-subgoals/raw/stack-order-after-promotion-probe.log
1	.ai/docs/issue-workflow/ISSUE-015-goal-subgoals/raw/stale-refine-path-after-fix.log
4	.ai/docs/issue-workflow/ISSUE-015-goal-subgoals/raw/stale-refine-path-current-docs.log
142	.ai/docs/issue-workflow/ISSUE-015-goal-subgoals/raw/status-final.log
5	.ai/docs/issue-workflow/ISSUE-015-goal-subgoals/raw/typecheck-goal-open-promotion.log
40	.ai/docs/issue-workflow/ISSUE-015-goal-subgoals/raw/validation-probe.log
