PASS .ai/docs/issue-workflow/ISSUE-015-goal-subgoals/00-request.md exists
PASS .ai/docs/issue-workflow/ISSUE-015-goal-subgoals/01-protocol-read.md exists
PASS .ai/docs/issue-workflow/ISSUE-015-goal-subgoals/02-grounded-research.md exists
PASS .ai/docs/issue-workflow/ISSUE-015-goal-subgoals/03-design-lock.md exists
PASS .ai/docs/issue-workflow/ISSUE-015-goal-subgoals/04-proof-threat-model.md exists
PASS .ai/docs/issue-workflow/ISSUE-015-goal-subgoals/05-issue-writeback.md exists
PASS .ai/docs/issue-workflow/ISSUE-015-goal-subgoals/06-final-audit.md exists
PASS .ai/docs/issue-workflow/ISSUE-015-goal-subgoals/07-acceptance-traceability.md exists
PASS .ai/docs/issue-workflow/ISSUE-015-goal-subgoals/08-open-bucket-promotion.md exists
PASS .ai/docs/issue-workflow/ISSUE-015-goal-subgoals/09-migration-consistency-audit.md exists
PASS .ai/docs/issue-workflow/ISSUE-015-goal-subgoals/10-current-code-readiness-audit.md exists
PASS .ai/docs/issue-workflow/ISSUE-015-goal-subgoals/11-downstream-reference-update.md exists
PASS .ai/docs/issue-workflow/ISSUE-015-goal-subgoals/12-package-script-proof-check.md exists
PASS .ai/docs/issue-workflow/ISSUE-015-goal-subgoals/13-executor-handoff.md exists
PASS .ai/docs/issue-workflow/ISSUE-015-goal-subgoals/14-non-implementation-boundary.md exists
PASS .ai/docs/issue-workflow/ISSUE-015-goal-subgoals/15-queue-continuation-note.md exists
PASS .ai/docs/issue-workflow/ISSUE-015-goal-subgoals/16-stale-reference-audit.md exists
PASS .ai/docs/issue-workflow/ISSUE-015-goal-subgoals/17-template-containment-readback.md exists
PASS .ai/docs/issue-workflow/ISSUE-015-goal-subgoals/18-parent-pipeline-readback.md exists
PASS .ai/docs/issue-workflow/ISSUE-015-goal-subgoals/19-subgoal-state-matrix.md exists
PASS .ai/docs/issue-workflow/ISSUE-015-goal-subgoals/20-replay-bounds-handoff.md exists
PASS .ai/docs/issue-workflow/ISSUE-015-goal-subgoals/21-closeout-summary.md exists
PASS .ai/docs/issue-workflow/ISSUE-015-goal-subgoals/22-queue-state-checkpoint.md exists
PASS .ai/docs/issue-workflow/ISSUE-015-goal-subgoals/23-types-source-recheck.md exists
PASS .ai/docs/issue-workflow/ISSUE-015-goal-subgoals/24-state-source-recheck.md exists
PASS .ai/docs/issue-workflow/ISSUE-015-goal-subgoals/25-tools-registration-recheck.md exists
PASS .ai/docs/issue-workflow/ISSUE-015-goal-subgoals/26-tool-output-recheck.md exists
PASS .ai/docs/issue-workflow/ISSUE-015-goal-subgoals/27-widget-source-recheck.md exists
PASS .ai/docs/issue-workflow/ISSUE-015-goal-subgoals/28-prompt-source-recheck.md exists
PASS .ai/docs/issue-workflow/ISSUE-015-goal-subgoals/29-readme-update-plan.md exists
PASS .ai/docs/issue-workflow/ISSUE-015-goal-subgoals/30-stack-order-after-promotion.md exists
PASS .ai/docs/issue-workflow/ISSUE-015-goal-subgoals/31-acceptance-traceability-addendum.md exists
PASS .ai/docs/issue-workflow/ISSUE-015-goal-subgoals/32-fingerprint.md exists
PASS .ai/docs/issue-workflow/ISSUE-015-goal-subgoals/raw/check-ignore-final.log exists
PASS .ai/docs/issue-workflow/ISSUE-015-goal-subgoals/raw/commands.log exists
PASS .ai/docs/issue-workflow/ISSUE-015-goal-subgoals/raw/diff-check.log exists
PASS .ai/docs/issue-workflow/ISSUE-015-goal-subgoals/raw/open-inventory-final.log exists
PASS .ai/docs/issue-workflow/ISSUE-015-goal-subgoals/raw/path-existence-audit.log exists
PASS .ai/docs/issue-workflow/ISSUE-015-goal-subgoals/raw/promotion-invariant-probe.log exists
PASS .ai/docs/issue-workflow/ISSUE-015-goal-subgoals/raw/quality-goal-open-promotion.log exists
PASS .ai/docs/issue-workflow/ISSUE-015-goal-subgoals/raw/refine-inventory-final.log exists
PASS .ai/docs/issue-workflow/ISSUE-015-goal-subgoals/raw/research-rg.log exists
PASS .ai/docs/issue-workflow/ISSUE-015-goal-subgoals/raw/sentrux-gate.log exists
PASS .ai/docs/issue-workflow/ISSUE-015-goal-subgoals/raw/status-final.log exists
PASS .ai/docs/issue-workflow/ISSUE-015-goal-subgoals/raw/validation-probe.log exists
PASS .ai/docs/pi-goals-live-probe-testing.md exists
PASS .ai/issues/fixed/ISSUE-001-pi-goal-extension.md exists
PASS .ai/issues/fixed/ISSUE-027-goal-queue.md exists
PASS .ai/issues/open/ISSUE-021-goal-completion-proofs.md exists
PASS .ai/issues/refine/ISSUE-011-goal-widget-real-component-and-narrow-width.md exists
PASS .ai/issues/refine/ISSUE-014-goal-progress-estimates.md exists
PASS .ai/issues/refine/ISSUE-019-parallel-multiple-goals.md exists
PASS .ai/issues/refine/ISSUE-022-goal-history-checkpoints-and-compaction.md exists
PASS .ai/issues/refine/ISSUE-024-goal-audit-command.md exists
PASS .ai/validation/ exists
PASS .pi/extensions/goal/command.ts exists
PASS .pi/extensions/goal/completion-gate.ts exists
PASS .pi/extensions/goal/format.ts exists
PASS .pi/extensions/goal/monitor-report.ts exists
PASS .pi/extensions/goal/monitor.ts exists
PASS .pi/extensions/goal/prompts.ts exists
PASS .pi/extensions/goal/queue-state.ts exists
PASS .pi/extensions/goal/queue-tools.ts exists
PASS .pi/extensions/goal/state.ts exists
PASS .pi/extensions/goal/templates.ts exists
PASS .pi/extensions/goal/tool-results.ts exists
PASS .pi/extensions/goal/tools.ts exists
PASS .pi/extensions/goal/types.ts exists
PASS .pi/extensions/goal/ui.ts exists
PASS .pi/extensions/goal/widget.ts exists
