PASS .ai/.pi-goals/deslop-pipeline.md
PASS .ai/.pi-goals/dirty-worktree-cleanup.md
PASS .ai/docs/issue-workflow/ISSUE-015-goal-subgoals/00-request.md
PASS .ai/docs/issue-workflow/ISSUE-015-goal-subgoals/01-protocol-read.md
PASS .ai/docs/issue-workflow/ISSUE-015-goal-subgoals/02-grounded-research.md
PASS .ai/docs/issue-workflow/ISSUE-015-goal-subgoals/03-design-lock.md
PASS .ai/docs/issue-workflow/ISSUE-015-goal-subgoals/04-proof-threat-model.md
PASS .ai/docs/issue-workflow/ISSUE-015-goal-subgoals/05-issue-writeback.md
PASS .ai/docs/issue-workflow/ISSUE-015-goal-subgoals/06-final-audit.md
PASS .ai/docs/issue-workflow/ISSUE-015-goal-subgoals/07-acceptance-traceability.md
PASS .ai/docs/issue-workflow/ISSUE-015-goal-subgoals/raw/check-ignore-final.log
PASS .ai/docs/issue-workflow/ISSUE-015-goal-subgoals/raw/commands.log
PASS .ai/docs/issue-workflow/ISSUE-015-goal-subgoals/raw/diff-check.log
PASS .ai/docs/issue-workflow/ISSUE-015-goal-subgoals/raw/path-existence-audit.log
PASS .ai/docs/issue-workflow/ISSUE-015-goal-subgoals/raw/research-rg.log
PASS .ai/docs/issue-workflow/ISSUE-015-goal-subgoals/raw/sentrux-gate.log
PASS .ai/docs/issue-workflow/ISSUE-015-goal-subgoals/raw/status-final.log
PASS .ai/docs/issue-workflow/ISSUE-015-goal-subgoals/raw/validation-probe.log
PASS .ai/docs/pi-goals-live-probe-testing.md
PASS .ai/issues/fixed/ISSUE-001-pi-goal-extension.md
PASS .ai/issues/fixed/ISSUE-027-goal-queue.md
PASS .ai/issues/refine/ISSUE-011-goal-widget-real-component-and-narrow-width.md
PASS .ai/issues/refine/ISSUE-014-goal-progress-estimates.md
PASS .ai/issues/refine/ISSUE-019-parallel-multiple-goals.md
PASS .ai/issues/refine/ISSUE-021-goal-completion-proofs.md
PASS .ai/issues/refine/ISSUE-022-goal-history-checkpoints-and-compaction.md
PASS .ai/issues/refine/ISSUE-024-goal-audit-command.md
PASS .pi/extensions/goal/command.ts
PASS .pi/extensions/goal/completion-gate.ts
PASS .pi/extensions/goal/format.ts
PASS .pi/extensions/goal/monitor-report.ts
PASS .pi/extensions/goal/monitor.ts
PASS .pi/extensions/goal/prompts.ts
PASS .pi/extensions/goal/queue-state.ts
PASS .pi/extensions/goal/queue-tools.ts
PASS .pi/extensions/goal/state.ts
PASS .pi/extensions/goal/templates.ts
PASS .pi/extensions/goal/tool-results.ts
PASS .pi/extensions/goal/tools.ts
PASS .pi/extensions/goal/types.ts
PASS .pi/extensions/goal/ui.ts
PASS .pi/extensions/goal/widget.ts
checked_paths=42
