 D .ai/issues/refine/ISSUE-015-goal-subgoals.md
 M .ai/issues/refine/ISSUE-019-parallel-multiple-goals.md
 D .ai/issues/refine/ISSUE-021-goal-completion-proofs.md
 M .ai/issues/refine/ISSUE-022-goal-history-checkpoints-and-compaction.md
 M .ai/issues/refine/ISSUE-024-goal-audit-command.md
 M .pi/extensions/goal/.sentrux/baseline.json
?? .ai/docs/issue-workflow/ISSUE-015-goal-subgoals/00-request.md
?? .ai/docs/issue-workflow/ISSUE-015-goal-subgoals/01-protocol-read.md
?? .ai/docs/issue-workflow/ISSUE-015-goal-subgoals/02-grounded-research.md
?? .ai/docs/issue-workflow/ISSUE-015-goal-subgoals/03-design-lock.md
?? .ai/docs/issue-workflow/ISSUE-015-goal-subgoals/04-proof-threat-model.md
?? .ai/docs/issue-workflow/ISSUE-015-goal-subgoals/05-issue-writeback.md
?? .ai/docs/issue-workflow/ISSUE-015-goal-subgoals/06-final-audit.md
?? .ai/docs/issue-workflow/ISSUE-015-goal-subgoals/07-acceptance-traceability.md
?? .ai/docs/issue-workflow/ISSUE-015-goal-subgoals/08-open-bucket-promotion.md
?? .ai/docs/issue-workflow/ISSUE-015-goal-subgoals/09-migration-consistency-audit.md
?? .ai/docs/issue-workflow/ISSUE-015-goal-subgoals/10-current-code-readiness-audit.md
?? .ai/docs/issue-workflow/ISSUE-015-goal-subgoals/11-downstream-reference-update.md
?? .ai/docs/issue-workflow/ISSUE-015-goal-subgoals/12-package-script-proof-check.md
?? .ai/docs/issue-workflow/ISSUE-015-goal-subgoals/13-executor-handoff.md
?? .ai/docs/issue-workflow/ISSUE-015-goal-subgoals/14-non-implementation-boundary.md
?? .ai/docs/issue-workflow/ISSUE-015-goal-subgoals/15-queue-continuation-note.md
?? .ai/docs/issue-workflow/ISSUE-015-goal-subgoals/16-stale-reference-audit.md
?? .ai/docs/issue-workflow/ISSUE-015-goal-subgoals/17-template-containment-readback.md
?? .ai/docs/issue-workflow/ISSUE-015-goal-subgoals/18-parent-pipeline-readback.md
?? .ai/docs/issue-workflow/ISSUE-015-goal-subgoals/19-subgoal-state-matrix.md
?? .ai/docs/issue-workflow/ISSUE-015-goal-subgoals/20-replay-bounds-handoff.md
?? .ai/docs/issue-workflow/ISSUE-015-goal-subgoals/21-closeout-summary.md
?? .ai/docs/issue-workflow/ISSUE-015-goal-subgoals/22-queue-state-checkpoint.md
?? .ai/docs/issue-workflow/ISSUE-015-goal-subgoals/23-types-source-recheck.md
?? .ai/docs/issue-workflow/ISSUE-015-goal-subgoals/24-state-source-recheck.md
?? .ai/docs/issue-workflow/ISSUE-015-goal-subgoals/25-tools-registration-recheck.md
?? .ai/docs/issue-workflow/ISSUE-015-goal-subgoals/26-tool-output-recheck.md
?? .ai/docs/issue-workflow/ISSUE-015-goal-subgoals/27-widget-source-recheck.md
?? .ai/docs/issue-workflow/ISSUE-015-goal-subgoals/28-prompt-source-recheck.md
?? .ai/docs/issue-workflow/ISSUE-015-goal-subgoals/29-readme-update-plan.md
?? .ai/docs/issue-workflow/ISSUE-015-goal-subgoals/30-stack-order-after-promotion.md
?? .ai/docs/issue-workflow/ISSUE-015-goal-subgoals/31-acceptance-traceability-addendum.md
?? .ai/docs/issue-workflow/ISSUE-015-goal-subgoals/32-fingerprint.md
?? .ai/docs/issue-workflow/ISSUE-015-goal-subgoals/33-monitor-report-recheck.md
?? .ai/docs/issue-workflow/ISSUE-015-goal-subgoals/34-ui-source-recheck.md
?? .ai/docs/issue-workflow/ISSUE-015-goal-subgoals/35-format-source-recheck.md
?? .ai/docs/issue-workflow/ISSUE-015-goal-subgoals/36-final-promotion-invariant.md
?? .ai/docs/issue-workflow/ISSUE-015-goal-subgoals/37-budget-source-recheck.md
?? .ai/docs/issue-workflow/ISSUE-015-goal-subgoals/38-queue-source-recheck.md
?? .ai/docs/issue-workflow/ISSUE-015-goal-subgoals/39-final-closeout-readback.md
?? .ai/docs/issue-workflow/ISSUE-015-goal-subgoals/raw/artifact-line-counts.log
?? .ai/docs/issue-workflow/ISSUE-015-goal-subgoals/raw/check-ignore-final.log
?? .ai/docs/issue-workflow/ISSUE-015-goal-subgoals/raw/closeout-needle-check.log
?? .ai/docs/issue-workflow/ISSUE-015-goal-subgoals/raw/commands.log
?? .ai/docs/issue-workflow/ISSUE-015-goal-subgoals/raw/diff-check.log
?? .ai/docs/issue-workflow/ISSUE-015-goal-subgoals/raw/diff-stat-final.log
?? .ai/docs/issue-workflow/ISSUE-015-goal-subgoals/raw/final-closeout-probe.log
?? .ai/docs/issue-workflow/ISSUE-015-goal-subgoals/raw/final-promotion-invariant-probe.log
?? .ai/docs/issue-workflow/ISSUE-015-goal-subgoals/raw/issue015-promotion-fingerprint.log
?? .ai/docs/issue-workflow/ISSUE-015-goal-subgoals/raw/old-path-references-after-update.log
?? .ai/docs/issue-workflow/ISSUE-015-goal-subgoals/raw/old-path-references.log
?? .ai/docs/issue-workflow/ISSUE-015-goal-subgoals/raw/open-inventory-final.log
?? .ai/docs/issue-workflow/ISSUE-015-goal-subgoals/raw/open-issue-full-validation.log
?? .ai/docs/issue-workflow/ISSUE-015-goal-subgoals/raw/open-path-audit.log
?? .ai/docs/issue-workflow/ISSUE-015-goal-subgoals/raw/open-promotion-validation.log
?? .ai/docs/issue-workflow/ISSUE-015-goal-subgoals/raw/path-existence-audit.log
?? .ai/docs/issue-workflow/ISSUE-015-goal-subgoals/raw/promotion-invariant-probe.log
?? .ai/docs/issue-workflow/ISSUE-015-goal-subgoals/raw/quality-goal-open-promotion.log
?? .ai/docs/issue-workflow/ISSUE-015-goal-subgoals/raw/refine-inventory-final.log
?? .ai/docs/issue-workflow/ISSUE-015-goal-subgoals/raw/research-rg.log
?? .ai/docs/issue-workflow/ISSUE-015-goal-subgoals/raw/sentrux-gate.log
?? .ai/docs/issue-workflow/ISSUE-015-goal-subgoals/raw/slop-goal-open-promotion.log
?? .ai/docs/issue-workflow/ISSUE-015-goal-subgoals/raw/stack-order-after-promotion-probe.log
?? .ai/docs/issue-workflow/ISSUE-015-goal-subgoals/raw/stale-refine-path-after-fix.log
?? .ai/docs/issue-workflow/ISSUE-015-goal-subgoals/raw/stale-refine-path-current-docs.log
?? .ai/docs/issue-workflow/ISSUE-015-goal-subgoals/raw/status-final.log
?? .ai/docs/issue-workflow/ISSUE-015-goal-subgoals/raw/typecheck-goal-open-promotion.log
?? .ai/docs/issue-workflow/ISSUE-015-goal-subgoals/raw/validation-probe.log
?? .ai/docs/issue-workflow/ISSUE-021-goal-completion-proofs/00-request.md
?? .ai/docs/issue-workflow/ISSUE-021-goal-completion-proofs/01-protocol-read.md
?? .ai/docs/issue-workflow/ISSUE-021-goal-completion-proofs/02-grounded-research.md
?? .ai/docs/issue-workflow/ISSUE-021-goal-completion-proofs/03-design-lock.md
?? .ai/docs/issue-workflow/ISSUE-021-goal-completion-proofs/04-proof-threat-model.md
?? .ai/docs/issue-workflow/ISSUE-021-goal-completion-proofs/05-issue-writeback.md
?? .ai/docs/issue-workflow/ISSUE-021-goal-completion-proofs/06-final-audit.md
?? .ai/docs/issue-workflow/ISSUE-021-goal-completion-proofs/07-dataflow-and-seams.md
?? .ai/docs/issue-workflow/ISSUE-021-goal-completion-proofs/08-proof-schema-sketch.md
?? .ai/docs/issue-workflow/ISSUE-021-goal-completion-proofs/09-execution-plan.md
?? .ai/docs/issue-workflow/ISSUE-021-goal-completion-proofs/10-executor-review-checklist.md
?? .ai/docs/issue-workflow/ISSUE-021-goal-completion-proofs/11-proof-condition-matrix.md
?? .ai/docs/issue-workflow/ISSUE-021-goal-completion-proofs/12-validation-expansion.md
?? .ai/docs/issue-workflow/ISSUE-021-goal-completion-proofs/13-runner-safety-research.md
?? .ai/docs/issue-workflow/ISSUE-021-goal-completion-proofs/14-bcu-external-research-attempt.md
?? .ai/docs/issue-workflow/ISSUE-021-goal-completion-proofs/15-adversarial-review.md
?? .ai/docs/issue-workflow/ISSUE-021-goal-completion-proofs/16-acceptance-traceability-matrix.md
?? .ai/docs/issue-workflow/ISSUE-021-goal-completion-proofs/17-closeout-snapshot.md
?? .ai/docs/issue-workflow/ISSUE-021-goal-completion-proofs/18-tool-api-design.md
?? .ai/docs/issue-workflow/ISSUE-021-goal-completion-proofs/19-validation-probe-design.md
?? .ai/docs/issue-workflow/ISSUE-021-goal-completion-proofs/20-proof-ui-rendering-plan.md
?? .ai/docs/issue-workflow/ISSUE-021-goal-completion-proofs/21-proof-evaluator-api.md
?? .ai/docs/issue-workflow/ISSUE-021-goal-completion-proofs/22-readme-update-plan.md
?? .ai/docs/issue-workflow/ISSUE-021-goal-completion-proofs/23-worktree-freshness-design.md
?? .ai/docs/issue-workflow/ISSUE-021-goal-completion-proofs/24-open-bucket-promotion.md
?? .ai/docs/issue-workflow/ISSUE-021-goal-completion-proofs/25-migration-consistency-audit.md
?? .ai/docs/issue-workflow/ISSUE-021-goal-completion-proofs/26-current-code-readiness-audit.md
?? .ai/docs/issue-workflow/ISSUE-021-goal-completion-proofs/27-downstream-reference-update.md
?? .ai/docs/issue-workflow/ISSUE-021-goal-completion-proofs/28-promotion-dependency-map.md
?? .ai/docs/issue-workflow/ISSUE-021-goal-completion-proofs/29-required-proof-command-sanity.md
?? .ai/docs/issue-workflow/ISSUE-021-goal-completion-proofs/30-executor-handoff.md
?? .ai/docs/issue-workflow/ISSUE-021-goal-completion-proofs/31-package-script-proof-check.md
?? .ai/docs/issue-workflow/ISSUE-021-goal-completion-proofs/32-non-implementation-boundary.md
?? .ai/docs/issue-workflow/ISSUE-021-goal-completion-proofs/33-queue-continuation-note.md
?? .ai/docs/issue-workflow/ISSUE-021-goal-completion-proofs/34-closeout-summary.md
?? .ai/docs/issue-workflow/ISSUE-021-goal-completion-proofs/35-floor-gate-source-recheck.md
?? .ai/docs/issue-workflow/ISSUE-021-goal-completion-proofs/raw/artifact-line-counts.log
?? .ai/docs/issue-workflow/ISSUE-021-goal-completion-proofs/raw/check-ignore-final.log
?? .ai/docs/issue-workflow/ISSUE-021-goal-completion-proofs/raw/closeout-name-status.log
?? .ai/docs/issue-workflow/ISSUE-021-goal-completion-proofs/raw/commands.log
?? .ai/docs/issue-workflow/ISSUE-021-goal-completion-proofs/raw/diff-check.log
?? .ai/docs/issue-workflow/ISSUE-021-goal-completion-proofs/raw/old-path-references-after-update.log
?? .ai/docs/issue-workflow/ISSUE-021-goal-completion-proofs/raw/old-path-references.log
?? .ai/docs/issue-workflow/ISSUE-021-goal-completion-proofs/raw/open-inventory-final.log
?? .ai/docs/issue-workflow/ISSUE-021-goal-completion-proofs/raw/open-issue-fingerprint.log
?? .ai/docs/issue-workflow/ISSUE-021-goal-completion-proofs/raw/open-issue-full-validation.log
?? .ai/docs/issue-workflow/ISSUE-021-goal-completion-proofs/raw/open-location-check.log
?? .ai/docs/issue-workflow/ISSUE-021-goal-completion-proofs/raw/open-path-audit.log
?? .ai/docs/issue-workflow/ISSUE-021-goal-completion-proofs/raw/open-promotion-diff-stat.log
?? .ai/docs/issue-workflow/ISSUE-021-goal-completion-proofs/raw/open-promotion-head-diff-preview.log
?? .ai/docs/issue-workflow/ISSUE-021-goal-completion-proofs/raw/open-promotion-name-status.log
?? .ai/docs/issue-workflow/ISSUE-021-goal-completion-proofs/raw/open-promotion-required-proofs-check.log
?? .ai/docs/issue-workflow/ISSUE-021-goal-completion-proofs/raw/open-promotion-validation.log
?? .ai/docs/issue-workflow/ISSUE-021-goal-completion-proofs/raw/open-refine-inventory-after-promotion.log
?? .ai/docs/issue-workflow/ISSUE-021-goal-completion-proofs/raw/path-existence-audit.log
?? .ai/docs/issue-workflow/ISSUE-021-goal-completion-proofs/raw/promotion-invariant-probe.log
?? .ai/docs/issue-workflow/ISSUE-021-goal-completion-proofs/raw/quality-goal-open-promotion.log
?? .ai/docs/issue-workflow/ISSUE-021-goal-completion-proofs/raw/refine-inventory-final.log
?? .ai/docs/issue-workflow/ISSUE-021-goal-completion-proofs/raw/slop-goal-proof-check.log
?? .ai/docs/issue-workflow/ISSUE-021-goal-completion-proofs/raw/stale-refine-path-nonraw.log
?? .ai/docs/issue-workflow/ISSUE-021-goal-completion-proofs/raw/status-final.log
?? .ai/docs/issue-workflow/ISSUE-021-goal-completion-proofs/raw/typecheck-goal-proof-check.log
?? .ai/docs/issue-workflow/ISSUE-021-goal-completion-proofs/raw/validation-expansion-probe.log
?? .ai/docs/issue-workflow/refine-issue-leverage-order-2026-05-10/01-open-promotion-addendum.md
?? .ai/docs/issue-workflow/refine-issue-leverage-order-2026-05-10/check-ignore.log
?? .ai/docs/issue-workflow/refine-issue-leverage-order-2026-05-10/coverage-check.log
?? .ai/docs/issue-workflow/refine-issue-leverage-order-2026-05-10/final-order.md
?? .ai/docs/issue-workflow/refine-issue-leverage-order-2026-05-10/status.log
?? .ai/issues/open/ISSUE-015-goal-subgoals.md
?? .ai/issues/open/ISSUE-021-goal-completion-proofs.md
