21	.ai/docs/issue-workflow/ISSUE-016-goal-idle-tolerant-mode/00-request.md
18	.ai/docs/issue-workflow/ISSUE-016-goal-idle-tolerant-mode/01-protocol-read.md
30	.ai/docs/issue-workflow/ISSUE-016-goal-idle-tolerant-mode/02-grounded-research.md
44	.ai/docs/issue-workflow/ISSUE-016-goal-idle-tolerant-mode/03-design-lock.md
26	.ai/docs/issue-workflow/ISSUE-016-goal-idle-tolerant-mode/04-proof-threat-model.md
19	.ai/docs/issue-workflow/ISSUE-016-goal-idle-tolerant-mode/05-issue-writeback.md
53	.ai/docs/issue-workflow/ISSUE-016-goal-idle-tolerant-mode/06-final-audit.md
21	.ai/docs/issue-workflow/ISSUE-016-goal-idle-tolerant-mode/07-downstream-reference-update.md
26	.ai/docs/issue-workflow/ISSUE-016-goal-idle-tolerant-mode/08-implementation-handoff.md
23	.ai/docs/issue-workflow/ISSUE-016-goal-idle-tolerant-mode/09-state-and-telemetry-plan.md
21	.ai/docs/issue-workflow/ISSUE-016-goal-idle-tolerant-mode/10-validation-probe-plan.md
30	.ai/docs/issue-workflow/ISSUE-016-goal-idle-tolerant-mode/11-ui-wording-plan.md
17	.ai/docs/issue-workflow/ISSUE-016-goal-idle-tolerant-mode/12-non-implementation-boundary.md
17	.ai/docs/issue-workflow/ISSUE-016-goal-idle-tolerant-mode/13-queue-continuation-note.md
11	.ai/docs/issue-workflow/ISSUE-016-goal-idle-tolerant-mode/14-package-script-proof-check.md
13	.ai/docs/issue-workflow/ISSUE-016-goal-idle-tolerant-mode/15-final-promotion-invariant.md
23	.ai/docs/issue-workflow/ISSUE-016-goal-idle-tolerant-mode/16-closeout-summary.md
13	.ai/docs/issue-workflow/ISSUE-016-goal-idle-tolerant-mode/17-telemetry-source-recheck.md
13	.ai/docs/issue-workflow/ISSUE-016-goal-idle-tolerant-mode/18-command-source-recheck.md
13	.ai/docs/issue-workflow/ISSUE-016-goal-idle-tolerant-mode/19-tool-output-source-recheck.md
13	.ai/docs/issue-workflow/ISSUE-016-goal-idle-tolerant-mode/20-template-source-recheck.md
13	.ai/docs/issue-workflow/ISSUE-016-goal-idle-tolerant-mode/21-monitor-prompt-recheck.md
13	.ai/docs/issue-workflow/ISSUE-016-goal-idle-tolerant-mode/22-queue-steering-recheck.md
13	.ai/docs/issue-workflow/ISSUE-016-goal-idle-tolerant-mode/23-floor-source-recheck.md
23	.ai/docs/issue-workflow/ISSUE-016-goal-idle-tolerant-mode/24-readme-update-plan.md
32	.ai/docs/issue-workflow/ISSUE-016-goal-idle-tolerant-mode/25-validation-script-plan.md
24	.ai/docs/issue-workflow/ISSUE-016-goal-idle-tolerant-mode/26-proof-command-normalization.md
23	.ai/docs/issue-workflow/ISSUE-016-goal-idle-tolerant-mode/27-entrypoint-and-schema-recheck.md
22	.ai/docs/issue-workflow/ISSUE-016-goal-idle-tolerant-mode/28-state-replay-source-recheck.md
26	.ai/docs/issue-workflow/ISSUE-016-goal-idle-tolerant-mode/29-ui-widget-format-recheck.md
32	.ai/docs/issue-workflow/ISSUE-016-goal-idle-tolerant-mode/30-final-readback.md
23	.ai/docs/issue-workflow/ISSUE-016-goal-idle-tolerant-mode/31-monitor-report-source-recheck.md
20	.ai/docs/issue-workflow/ISSUE-016-goal-idle-tolerant-mode/32-downstream-stale-reference-fix.md
31	.ai/docs/issue-workflow/ISSUE-016-goal-idle-tolerant-mode/33-stack-inventory-after-promotion.md
17	.ai/docs/issue-workflow/ISSUE-016-goal-idle-tolerant-mode/34-goal-completion-readiness.md
19	.ai/docs/issue-workflow/ISSUE-016-goal-idle-tolerant-mode/35-final-diff-snapshot.md
20	.ai/docs/issue-workflow/ISSUE-016-goal-idle-tolerant-mode/36-nonimplementation-final-audit.md
37	.ai/docs/issue-workflow/ISSUE-016-goal-idle-tolerant-mode/raw/artifact-line-counts.log
1	.ai/docs/issue-workflow/ISSUE-016-goal-idle-tolerant-mode/raw/check-ignore-final.log
28	.ai/docs/issue-workflow/ISSUE-016-goal-idle-tolerant-mode/raw/commands.log
14	.ai/docs/issue-workflow/ISSUE-016-goal-idle-tolerant-mode/raw/current-refine-open-inventory-summary.log
0	.ai/docs/issue-workflow/ISSUE-016-goal-idle-tolerant-mode/raw/diff-check.log
6	.ai/docs/issue-workflow/ISSUE-016-goal-idle-tolerant-mode/raw/final-invariant-summary.log
26	.ai/docs/issue-workflow/ISSUE-016-goal-idle-tolerant-mode/raw/final-promotion-invariant-probe.log
13	.ai/docs/issue-workflow/ISSUE-016-goal-idle-tolerant-mode/raw/final-relevant-diff.patch
41	.ai/docs/issue-workflow/ISSUE-016-goal-idle-tolerant-mode/raw/issue016-reference-audit.log
1	.ai/docs/issue-workflow/ISSUE-016-goal-idle-tolerant-mode/raw/old-path-references-after-update.log
3	.ai/docs/issue-workflow/ISSUE-016-goal-idle-tolerant-mode/raw/old-path-references.log
4	.ai/docs/issue-workflow/ISSUE-016-goal-idle-tolerant-mode/raw/open-inventory-final.log
37	.ai/docs/issue-workflow/ISSUE-016-goal-idle-tolerant-mode/raw/open-issue-full-validation.log
26	.ai/docs/issue-workflow/ISSUE-016-goal-idle-tolerant-mode/raw/open-path-audit.log
12	.ai/docs/issue-workflow/ISSUE-016-goal-idle-tolerant-mode/raw/open-promotion-validation.log
84	.ai/docs/issue-workflow/ISSUE-016-goal-idle-tolerant-mode/raw/quality-goal-open-promotion.log
8	.ai/docs/issue-workflow/ISSUE-016-goal-idle-tolerant-mode/raw/refine-inventory-final.log
10	.ai/docs/issue-workflow/ISSUE-016-goal-idle-tolerant-mode/raw/sentrux-gate.log
5	.ai/docs/issue-workflow/ISSUE-016-goal-idle-tolerant-mode/raw/slop-goal-open-promotion.log
0	.ai/docs/issue-workflow/ISSUE-016-goal-idle-tolerant-mode/raw/stale-refine-path-final.log
206	.ai/docs/issue-workflow/ISSUE-016-goal-idle-tolerant-mode/raw/status-final.log
5	.ai/docs/issue-workflow/ISSUE-016-goal-idle-tolerant-mode/raw/typecheck-goal-open-promotion.log
