PASS .ai/docs/issue-workflow/ISSUE-016-goal-idle-tolerant-mode/00-request.md exists
PASS .ai/docs/issue-workflow/ISSUE-016-goal-idle-tolerant-mode/01-protocol-read.md exists
PASS .ai/docs/issue-workflow/ISSUE-016-goal-idle-tolerant-mode/02-grounded-research.md exists
PASS .ai/docs/issue-workflow/ISSUE-016-goal-idle-tolerant-mode/03-design-lock.md exists
PASS .ai/docs/issue-workflow/ISSUE-016-goal-idle-tolerant-mode/04-proof-threat-model.md exists
PASS .ai/docs/issue-workflow/ISSUE-016-goal-idle-tolerant-mode/05-issue-writeback.md exists
PASS .ai/docs/issue-workflow/ISSUE-016-goal-idle-tolerant-mode/06-final-audit.md exists
PASS .ai/docs/issue-workflow/ISSUE-016-goal-idle-tolerant-mode/07-downstream-reference-update.md exists
PASS .ai/docs/issue-workflow/ISSUE-016-goal-idle-tolerant-mode/08-implementation-handoff.md exists
PASS .ai/docs/issue-workflow/ISSUE-016-goal-idle-tolerant-mode/09-state-and-telemetry-plan.md exists
PASS .ai/docs/issue-workflow/ISSUE-016-goal-idle-tolerant-mode/10-validation-probe-plan.md exists
PASS .ai/docs/issue-workflow/ISSUE-016-goal-idle-tolerant-mode/11-ui-wording-plan.md exists
PASS .ai/docs/issue-workflow/ISSUE-016-goal-idle-tolerant-mode/12-non-implementation-boundary.md exists
PASS .ai/docs/issue-workflow/ISSUE-016-goal-idle-tolerant-mode/13-queue-continuation-note.md exists
PASS .ai/docs/issue-workflow/ISSUE-016-goal-idle-tolerant-mode/raw/commands.log exists
PASS .ai/docs/issue-workflow/ISSUE-016-goal-idle-tolerant-mode/raw/sentrux-gate.log exists
PASS .ai/docs/pi-goals-live-probe-testing.md exists
PASS .ai/issues/fixed/ISSUE-001-pi-goal-extension.md exists
PASS .ai/issues/fixed/ISSUE-003-paused-goal-continuation-guard.md exists
PASS .ai/issues/open/ISSUE-015-goal-subgoals.md exists
PASS .ai/issues/open/ISSUE-037-goal-queue-auto-continuation-after-complete.md exists
PASS .ai/issues/refine/ISSUE-018-goal-start-in-worktree.md exists
PASS .ai/issues/refine/ISSUE-023-goal-dependency-triggers-and-watchers.md exists
PASS .pi/extensions/goal/continuation.ts exists
PASS .pi/extensions/goal/state.ts exists
PASS .pi/extensions/goal/types.ts exists
